Microchip MPLAB XC8 Compiler V1.21 ()

Linker command line:

--edf=C:\Program Files (x86)\Microchip\xc8\v1.21\dat\en_msgs.txt -cs \
  -h+dist/default/production\Example_7.2.X.production.sym \
  --cmf=dist/default/production\Example_7.2.X.production.cmf -z -Q18F4620 \
  -oC:\Users\tbi\AppData\Local\Temp\s3k0.6 \
  -Mdist/default/production/Example_7.2.X.production.map -E1 -ver=XC8 \
  -ACODE=00h-0FFFFh -ACONST=00h-0FFFFh -ASMALLCONST=01000h-010FFhx240 \
  -AMEDIUMCONST=01000h-0FFFFh -ACOMRAM=01h-07Fh -AABS1=00h-0F7Fh \
  -ABIGRAM=01h-0F7Fh -ARAM=080h-0FFh,0100h-01FFhx14,0F00h-0F7Fh \
  -ABANK0=080h-0FFh -ABANK1=0100h-01FFh -ABANK2=0200h-02FFh \
  -ABANK3=0300h-03FFh -ABANK4=0400h-04FFh -ABANK5=0500h-05FFh \
  -ABANK6=0600h-06FFh -ABANK7=0700h-07FFh -ABANK8=0800h-08FFh \
  -ABANK9=0900h-09FFh -ABANK10=0A00h-0AFFh -ABANK11=0B00h-0BFFh \
  -ABANK12=0C00h-0CFFh -ABANK13=0D00h-0DFFh -ABANK14=0E00h-0EFFh \
  -ABANK15=0F00h-0F7Fh -ASFR=0F80h-0FFFh \
  -preset_vec=00h,intcode,intcodelo,powerup,init,end_init -pramtop=01000h \
  -psmallconst=SMALLCONST -pmediumconst=MEDIUMCONST -pconst=CONST \
  -AFARRAM=00h-00h -ACONFIG=0300000h-030000Dh -pconfig=CONFIG \
  -AIDLOC=0200000h-0200007h -pidloc=IDLOC -AEEDATA=0F00000h-0F003FFh \
  -peeprom_data=EEDATA \
  -prdata=COMRAM,nvrram=COMRAM,nvbit=COMRAM,rbss=COMRAM,rbit=COMRAM \
  -pfarbss=FARRAM,fardata=FARRAM,nvFARRAM=FARRAM \
  -pintsave_regs=BIGRAM,bigbss=BIGRAM,bigdata=BIGRAM -pbss=RAM \
  -pidata=CODE,irdata=CODE,ibigdata=CODE,ifardata=CODE \
  C:\Users\tbi\AppData\Local\Temp\s3k0.obj \
  dist/default/production\Example_7.2.X.production.obj 

Object code version is 3.11

Machine type is 18F4620

Call graph: (short form)




                Name                               Link     Load   Length Selector   Space Scale
C:\Users\tbi\AppData\Local\Temp\s3k0.obj
                end_init                              0        0        4        0       0
                idloc                            200000   200000        8   200000       0
                config                           300000   300000        E   300000       0
dist/default/production\Example_7.2.X.production.obj
                mediumconst                        FE38     FE38      1C8     7F1C       0
                text111                            66F6     66F6       90     337B       0
                text110                            5B48     5B48       56     2DA4       0
                text109                            58AE     58AE       3A     2C57       0
                text108                            569C     569C       14     2B4E       0
                text107                            5F84     5F84       62     2FC2       0
                text106                            568A     568A       12     2B45       0
                text105                            57E2     57E2       2C     2BF1       0
                text104                            826C     826C      1CC     4136       0
                text103                            56B0     56B0       1C     2B58       0
                text102                            564C     564C        A     2B26       0
                text101                            5660     5660        C     2B30       0
                text100                            5D56     5D56       5C     2EAB       0
                text99                             75FC     75FC      164     3AFE       0
                text98                             5B9E     5B9E       56     2DCF       0
                text97                             F118     F118      D20     788C       0
                text96                             5922     5922       46     2C91       0
                text95                             5644     5644        2     2B22       0
                text94                             BB12     BB12      4A6     5D89       0
                text93                             5842     5842       36     2C21       0
                text92                             5748     5748       26     2BA4       0
                text91                             666A     666A       8C     3335       0
                text90                             6362     6362       7C     31B1       0
                text89                             64DA     64DA       80     326D       0
                text88                             5A4C     5A4C       54     2D26       0
                text87                             65E0     65E0       8A     32F0       0
                text86                             6194     6194       70     30CA       0
                text85                             7BBC     7BBC      192     3DDE       0
                text84                             8438     8438      1DC     421C       0
                text83                             5CFC     5CFC       5A     2E7E       0
                text82                             5F24     5F24       60     2F92       0
                text81                             5646     5646        2     2B23       0
                text80                             6974     6974       AE     34BA       0
                text79                             5878     5878       36     2C3C       0
                text78                             5BF4     5BF4       58     2DFA       0
                text77                             5AA0     5AA0       54     2D50       0
                text76                             6824     6824       A4     3412       0
                text75                             5AF4     5AF4       54     2D7A       0
                text74                             6126     6126       6E     3093       0
                text73                             7EFA     7EFA      1B6     3F7D       0
                text72                             68C8     68C8       AC     3464       0
                text71                             58E8     58E8       3A     2C74       0
                text70                             56E8     56E8       1E     2B74       0
                text69                             7114     7114      122     388A       0
                text68                             9294     9294      27C     494A       0
                text67                             A23E     A23E      3C2     511F       0
                text66                             655A     655A       86     32AD       0
                text65                             B670     B670      4A2     5B38       0
                text64                             6276     6276       74     313B       0
                text63                             57BA     57BA       28     2BDD       0
                text62                             A600     A600      3C8     5300       0
                text61                             5C4C     5C4C       58     2E26       0
                text60                             63DE     63DE       7E     31EF       0
                text59                             5FE6     5FE6       6A     2FF3       0
                text58                             5CA4     5CA4       58     2E52       0
                text57                             60BA     60BA       6C     305D       0
                text56                             ADA0     ADA0      442     56D0       0
                text55                             576E     576E       26     2BB7       0
                text54                             74A2     74A2      15A     3A51       0
                text53                             87F2     87F2      1FC     43F9       0
                text52                             80B0     80B0      1BC     4058       0
                text51                             6DFE     6DFE       F4     36FF       0
                text50                             5794     5794       26     2BCA       0
                text49                             A9C8     A9C8      3D8     54E4       0
                text48                             645C     645C       7E     322E       0
                text47                             7A30     7A30      18C     3D18       0
                text46                             8614     8614      1DE     430A       0
                text45                             BFB8     BFB8      4DC     5FDC       0
                text44                             9A10     9A10      29A     4D08       0
                text43                             7D4E     7D4E      1AC     3EA7       0
                text42                             978C     978C      284     4BC6       0
                text41                             9CAA     9CAA      2A8     4E55       0
                text40                             6050     6050       6A     3028       0
                text39                             6D0E     6D0E       F0     3687       0
                text38                             6B88     6B88       BE     35C4       0
                text37                             6A22     6A22       B0     3511       0
                text36                             5968     5968       48     2CB4       0
                text35                             8E08     8E08      21A     4704       0
                text34                             7760     7760      168     3BB0       0
                text33                             9F52     9F52      2EC     4FA9       0
                text32                             6EF2     6EF2      10C     3779       0
                text31                             B1E2     B1E2      48E     58F1       0
                text30                             C9A2     C9A2      526     64D1       0
                text29                             D43C     D43C      648     6A1E       0
                text28                             9510     9510      27C     4A88       0
                text27                             9022     9022      272     4811       0
                text26                             5DB2     5DB2       5C     2ED9       0
                text25                             5656     5656        A     2B2B       0
                text24                             5648     5648        2     2B24       0
                text23                             DA84     DA84      650     6D42       0
                text22                             6FFE     6FFE      116     37FF       0
                text21                             89EE     89EE      202     44F7       0
                text20                             5E0E     5E0E       5C     2F07       0
                text19                             CEC8     CEC8      574     6764       0
                text18                             E0D4     E0D4      6B8     706A       0
                text17                             E78C     E78C      98C     73C6       0
                text16                             59B0     59B0       4A     2CD8       0
                text15                             735E     735E      144     39AF       0
                text14                             5EC6     5EC6       5E     2F63       0
                text13                             6204     6204       72     3102       0
                text12                             C494     C494      50E     624A       0
                text11                             6AD2     6AD2       B6     3569       0
                text10                             564A     564A        2     2B25       0
                text9                              7236     7236      128     391B       0
                text8                              78C8     78C8      168     3C64       0
                text7                              5726     5726       22     2B93       0
                text6                              5E6A     5E6A       5C     2F35       0
                text5                              567A     567A       10     2B3D       0
                text4                              56CC     56CC       1C     2B66       0
                text3                              566C     566C        E     2B36       0
                text2                              5706     5706       20     2B83       0
                text1                              580E     580E       34     2C07       0
                text0                              8BF0     8BF0      218     45F8       0
                cstackCOMRAM                          1        1       7F        1       1
                cstackBANK0                          80       80       80       80       1
                cstackBANK1                         100      100       8A      100       1
                bssBIGRAM                           4C8      4C8      8CF      4C8       1
                dataBANK4                           400      400       C8      400       1
                bssBANK3                            300      300       C8      300       1
                dataBANK2                           200      200       78      200       1
                bssBANK2                            278      278       29      200       1
                dataBANK1                           18A      18A       52      100       1
                bssBANK1                            1DC      1DC       1A      100       1
                cinit                              6786     6786       9E     33C3       0
                idataBANK4                         6C46     6C46       C8     6C46       0
                idataBANK2                         62EA     62EA       78     62EA       0
                idataBANK1                         59FA     59FA       52     59FA       0

TOTAL           Name                               Link     Load   Length     Space
        CLASS   CODE           
                end_init                              0        0        4         0
                text111                            66F6     66F6       90         0
                text110                            5B48     5B48       56         0
                text109                            58AE     58AE       3A         0
                text108                            569C     569C       14         0
                text107                            5F84     5F84       62         0
                text106                            568A     568A       12         0
                text105                            57E2     57E2       2C         0
                text104                            826C     826C      1CC         0
                text103                            56B0     56B0       1C         0
                text102                            564C     564C        A         0
                text101                            5660     5660        C         0
                text100                            5D56     5D56       5C         0
                text99                             75FC     75FC      164         0
                text98                             5B9E     5B9E       56         0
                text97                             F118     F118      D20         0
                text96                             5922     5922       46         0
                text95                             5644     5644        2         0
                text94                             BB12     BB12      4A6         0
                text93                             5842     5842       36         0
                text92                             5748     5748       26         0
                text91                             666A     666A       8C         0
                text90                             6362     6362       7C         0
                text89                             64DA     64DA       80         0
                text88                             5A4C     5A4C       54         0
                text87                             65E0     65E0       8A         0
                text86                             6194     6194       70         0
                text85                             7BBC     7BBC      192         0
                text84                             8438     8438      1DC         0
                text83                             5CFC     5CFC       5A         0
                text82                             5F24     5F24       60         0
                text81                             5646     5646        2         0
                text80                             6974     6974       AE         0
                text79                             5878     5878       36         0
                text78                             5BF4     5BF4       58         0
                text77                             5AA0     5AA0       54         0
                text76                             6824     6824       A4         0
                text75                             5AF4     5AF4       54         0
                text74                             6126     6126       6E         0
                text73                             7EFA     7EFA      1B6         0
                text72                             68C8     68C8       AC         0
                text71                             58E8     58E8       3A         0
                text70                             56E8     56E8       1E         0
                text69                             7114     7114      122         0
                text68                             9294     9294      27C         0
                text67                             A23E     A23E      3C2         0
                text66                             655A     655A       86         0
                text65                             B670     B670      4A2         0
                text64                             6276     6276       74         0
                text63                             57BA     57BA       28         0
                text62                             A600     A600      3C8         0
                text61                             5C4C     5C4C       58         0
                text60                             63DE     63DE       7E         0
                text59                             5FE6     5FE6       6A         0
                text58                             5CA4     5CA4       58         0
                text57                             60BA     60BA       6C         0
                text56                             ADA0     ADA0      442         0
                text55                             576E     576E       26         0
                text54                             74A2     74A2      15A         0
                text53                             87F2     87F2      1FC         0
                text52                             80B0     80B0      1BC         0
                text51                             6DFE     6DFE       F4         0
                text50                             5794     5794       26         0
                text49                             A9C8     A9C8      3D8         0
                text48                             645C     645C       7E         0
                text47                             7A30     7A30      18C         0
                text46                             8614     8614      1DE         0
                text45                             BFB8     BFB8      4DC         0
                text44                             9A10     9A10      29A         0
                text43                             7D4E     7D4E      1AC         0
                text42                             978C     978C      284         0
                text41                             9CAA     9CAA      2A8         0
                text40                             6050     6050       6A         0
                text39                             6D0E     6D0E       F0         0
                text38                             6B88     6B88       BE         0
                text37                             6A22     6A22       B0         0
                text36                             5968     5968       48         0
                text35                             8E08     8E08      21A         0
                text34                             7760     7760      168         0
                text33                             9F52     9F52      2EC         0
                text32                             6EF2     6EF2      10C         0
                text31                             B1E2     B1E2      48E         0
                text30                             C9A2     C9A2      526         0
                text29                             D43C     D43C      648         0
                text28                             9510     9510      27C         0
                text27                             9022     9022      272         0
                text26                             5DB2     5DB2       5C         0
                text25                             5656     5656        A         0
                text24                             5648     5648        2         0
                text23                             DA84     DA84      650         0
                text22                             6FFE     6FFE      116         0
                text21                             89EE     89EE      202         0
                text20                             5E0E     5E0E       5C         0
                text19                             CEC8     CEC8      574         0
                text18                             E0D4     E0D4      6B8         0
                text17                             E78C     E78C      98C         0
                text16                             59B0     59B0       4A         0
                text15                             735E     735E      144         0
                text14                             5EC6     5EC6       5E         0
                text13                             6204     6204       72         0
                text12                             C494     C494      50E         0
                text11                             6AD2     6AD2       B6         0
                text10                             564A     564A        2         0
                text9                              7236     7236      128         0
                text8                              78C8     78C8      168         0
                text7                              5726     5726       22         0
                text6                              5E6A     5E6A       5C         0
                text5                              567A     567A       10         0
                text4                              56CC     56CC       1C         0
                text3                              566C     566C        E         0
                text2                              5706     5706       20         0
                text1                              580E     580E       34         0
                text0                              8BF0     8BF0      218         0
                cinit                              6786     6786       9E         0
                idataBANK4                         6C46     6C46       C8         0
                idataBANK2                         62EA     62EA       78         0
                idataBANK1                         59FA     59FA       52         0

        CLASS   CONST          

        CLASS   SMALLCONST     

        CLASS   MEDIUMCONST    
                mediumconst                        FE38     FE38      1C8         0

        CLASS   COMRAM         
                cstackCOMRAM                          1        1       7F         1

        CLASS   ABS1           

        CLASS   BIGRAM         
                bssBIGRAM                           4C8      4C8      8CF         1

        CLASS   RAM            

        CLASS   BANK0          
                cstackBANK0                          80       80       80         1

        CLASS   BANK1          
                cstackBANK1                         100      100       8A         1
                dataBANK1                           18A      18A       52         1
                bssBANK1                            1DC      1DC       1A         1

        CLASS   BANK2          
                dataBANK2                           200      200       78         1
                bssBANK2                            278      278       29         1

        CLASS   BANK3          
                bssBANK3                            300      300       C8         1

        CLASS   BANK4          
                dataBANK4                           400      400       C8         1

        CLASS   BANK5          

        CLASS   BANK6          

        CLASS   BANK7          

        CLASS   BANK8          

        CLASS   BANK9          

        CLASS   BANK10         

        CLASS   BANK11         

        CLASS   BANK12         

        CLASS   BANK13         

        CLASS   BANK14         

        CLASS   BANK15         

        CLASS   SFR            

        CLASS   FARRAM         

        CLASS   CONFIG         
                config                           300000   300000        E         0

        CLASS   IDLOC          
                idloc                            200000   200000        8         0

        CLASS   EEDATA         



SEGMENTS        Name                           Load    Length   Top    Selector   Space  Class

                reset_vec                      000000  000004  000004         0       0  CODE    
                cstackCOMRAM                   000001  00007F  000080         1       1  COMRAM  
                cstackBANK0                    000080  000080  000100        80       1  BANK0   
                cstackBANK1                    000100  0000F6  0001F6       100       1  BANK1   
                dataBANK2                      000200  0000A1  0002A1       200       1  BANK2   
                bssBANK3                       000300  0000C8  0003C8       300       1  BANK3   
                dataBANK4                      000400  0000C8  0004C8       400       1  BANK4   
                bssBIGRAM                      0004C8  0008CF  000D97       4C8       1  BIGRAM  
                text95                         005644  000002  005646      2B22       0  CODE    
                text81                         005646  000002  005648      2B23       0  CODE    
                text24                         005648  000002  00564A      2B24       0  CODE    
                text10                         00564A  000002  00564C      2B25       0  CODE    
                text102                        00564C  00000A  005656      2B26       0  CODE    
                text25                         005656  00000A  005660      2B2B       0  CODE    
                text101                        005660  00000C  00566C      2B30       0  CODE    
                text3                          00566C  00000E  00567A      2B36       0  CODE    
                text5                          00567A  000010  00568A      2B3D       0  CODE    
                text106                        00568A  000012  00569C      2B45       0  CODE    
                text108                        00569C  000014  0056B0      2B4E       0  CODE    
                text103                        0056B0  00001C  0056CC      2B58       0  CODE    
                text4                          0056CC  00001C  0056E8      2B66       0  CODE    
                text70                         0056E8  00001E  005706      2B74       0  CODE    
                text2                          005706  000020  005726      2B83       0  CODE    
                text7                          005726  000022  005748      2B93       0  CODE    
                text92                         005748  000026  00576E      2BA4       0  CODE    
                text55                         00576E  000026  005794      2BB7       0  CODE    
                text50                         005794  000026  0057BA      2BCA       0  CODE    
                text63                         0057BA  000028  0057E2      2BDD       0  CODE    
                text105                        0057E2  00002C  00580E      2BF1       0  CODE    
                text1                          00580E  000034  005842      2C07       0  CODE    
                text93                         005842  000036  005878      2C21       0  CODE    
                text79                         005878  000036  0058AE      2C3C       0  CODE    
                text109                        0058AE  00003A  0058E8      2C57       0  CODE    
                text71                         0058E8  00003A  005922      2C74       0  CODE    
                text96                         005922  000046  005968      2C91       0  CODE    
                text36                         005968  000048  0059B0      2CB4       0  CODE    
                text16                         0059B0  00004A  0059FA      2CD8       0  CODE    
                idataBANK1                     0059FA  000052  005A4C      59FA       0  CODE    
                text88                         005A4C  000054  005AA0      2D26       0  CODE    
                text77                         005AA0  000054  005AF4      2D50       0  CODE    
                text75                         005AF4  000054  005B48      2D7A       0  CODE    
                text110                        005B48  000056  005B9E      2DA4       0  CODE    
                text98                         005B9E  000056  005BF4      2DCF       0  CODE    
                text78                         005BF4  000058  005C4C      2DFA       0  CODE    
                text61                         005C4C  000058  005CA4      2E26       0  CODE    
                text58                         005CA4  000058  005CFC      2E52       0  CODE    
                text83                         005CFC  00005A  005D56      2E7E       0  CODE    
                text100                        005D56  00005C  005DB2      2EAB       0  CODE    
                text26                         005DB2  00005C  005E0E      2ED9       0  CODE    
                text20                         005E0E  00005C  005E6A      2F07       0  CODE    
                text6                          005E6A  00005C  005EC6      2F35       0  CODE    
                text14                         005EC6  00005E  005F24      2F63       0  CODE    
                text82                         005F24  000060  005F84      2F92       0  CODE    
                text107                        005F84  000062  005FE6      2FC2       0  CODE    
                text59                         005FE6  00006A  006050      2FF3       0  CODE    
                text40                         006050  00006A  0060BA      3028       0  CODE    
                text57                         0060BA  00006C  006126      305D       0  CODE    
                text74                         006126  00006E  006194      3093       0  CODE    
                text86                         006194  000070  006204      30CA       0  CODE    
                text13                         006204  000072  006276      3102       0  CODE    
                text64                         006276  000074  0062EA      313B       0  CODE    
                idataBANK2                     0062EA  000078  006362      62EA       0  CODE    
                text90                         006362  00007C  0063DE      31B1       0  CODE    
                text60                         0063DE  00007E  00645C      31EF       0  CODE    
                text48                         00645C  00007E  0064DA      322E       0  CODE    
                text89                         0064DA  000080  00655A      326D       0  CODE    
                text66                         00655A  000086  0065E0      32AD       0  CODE    
                text87                         0065E0  00008A  00666A      32F0       0  CODE    
                text91                         00666A  00008C  0066F6      3335       0  CODE    
                text111                        0066F6  000090  006786      337B       0  CODE    
                cinit                          006786  00009E  006824      33C3       0  CODE    
                text76                         006824  0000A4  0068C8      3412       0  CODE    
                text72                         0068C8  0000AC  006974      3464       0  CODE    
                text80                         006974  0000AE  006A22      34BA       0  CODE    
                text37                         006A22  0000B0  006AD2      3511       0  CODE    
                text11                         006AD2  0000B6  006B88      3569       0  CODE    
                text38                         006B88  0000BE  006C46      35C4       0  CODE    
                idataBANK4                     006C46  0000C8  006D0E      6C46       0  CODE    
                text39                         006D0E  0000F0  006DFE      3687       0  CODE    
                text51                         006DFE  0000F4  006EF2      36FF       0  CODE    
                text32                         006EF2  00010C  006FFE      3779       0  CODE    
                text22                         006FFE  000116  007114      37FF       0  CODE    
                text69                         007114  000122  007236      388A       0  CODE    
                text9                          007236  000128  00735E      391B       0  CODE    
                text15                         00735E  000144  0074A2      39AF       0  CODE    
                text54                         0074A2  00015A  0075FC      3A51       0  CODE    
                text99                         0075FC  000164  007760      3AFE       0  CODE    
                text34                         007760  000168  0078C8      3BB0       0  CODE    
                text8                          0078C8  000168  007A30      3C64       0  CODE    
                text47                         007A30  00018C  007BBC      3D18       0  CODE    
                text85                         007BBC  000192  007D4E      3DDE       0  CODE    
                text43                         007D4E  0001AC  007EFA      3EA7       0  CODE    
                text73                         007EFA  0001B6  0080B0      3F7D       0  CODE    
                text52                         0080B0  0001BC  00826C      4058       0  CODE    
                text104                        00826C  0001CC  008438      4136       0  CODE    
                text84                         008438  0001DC  008614      421C       0  CODE    
                text46                         008614  0001DE  0087F2      430A       0  CODE    
                text53                         0087F2  0001FC  0089EE      43F9       0  CODE    
                text21                         0089EE  000202  008BF0      44F7       0  CODE    
                text0                          008BF0  000218  008E08      45F8       0  CODE    
                text35                         008E08  00021A  009022      4704       0  CODE    
                text27                         009022  000272  009294      4811       0  CODE    
                text68                         009294  00027C  009510      494A       0  CODE    
                text28                         009510  00027C  00978C      4A88       0  CODE    
                text42                         00978C  000284  009A10      4BC6       0  CODE    
                text44                         009A10  00029A  009CAA      4D08       0  CODE    
                text41                         009CAA  0002A8  009F52      4E55       0  CODE    
                text33                         009F52  0002EC  00A23E      4FA9       0  CODE    
                text67                         00A23E  0003C2  00A600      511F       0  CODE    
                text62                         00A600  0003C8  00A9C8      5300       0  CODE    
                text49                         00A9C8  0003D8  00ADA0      54E4       0  CODE    
                text56                         00ADA0  000442  00B1E2      56D0       0  CODE    
                text31                         00B1E2  00048E  00B670      58F1       0  CODE    
                text65                         00B670  0004A2  00BB12      5B38       0  CODE    
                text94                         00BB12  0004A6  00BFB8      5D89       0  CODE    
                text45                         00BFB8  0004DC  00C494      5FDC       0  CODE    
                text12                         00C494  00050E  00C9A2      624A       0  CODE    
                text30                         00C9A2  000526  00CEC8      64D1       0  CODE    
                text19                         00CEC8  000574  00D43C      6764       0  CODE    
                text29                         00D43C  000648  00DA84      6A1E       0  CODE    
                text23                         00DA84  000650  00E0D4      6D42       0  CODE    
                text18                         00E0D4  0006B8  00E78C      706A       0  CODE    
                text17                         00E78C  00098C  00F118      73C6       0  CODE    
                text97                         00F118  000D20  00FE38      788C       0  CODE    
                mediumconst                    00FE38  0001C8  010000      7F1C       0  MEDIUMCO
                idloc                          200000  000008  200008    200000       0  IDLOC   
                config                         300000  00000E  30000E    300000       0  CONFIG  


UNUSED ADDRESS RANGES

        Name                Unused          Largest block    Delta
        BANK1            0001F6-0001FF                A
        BANK13           000D97-000DFF               69
        BANK14           000E00-000EFF              100
        BANK15           000F00-000F7F               80
        BANK2            0002A1-0002FF               5F
        BANK3            0003C8-0003FF               38
        BIGRAM           0001F6-0001FF                A
                         0002A1-0002FF               5F
                         0003C8-0003FF               38
                         000D97-000F7F              1E9
        CODE             000004-005643             5640
        CONST            000004-005643             5640
        EEDATA           F00000-F003FF              400
        MEDIUMCONST      001000-005643             4644
        RAM              0001F6-0001FF                A
                         0002A1-0002FF               5F
                         0003C8-0003FF               38
                         000D97-000F7F              100
        SFR              000F80-000FFF               80
        SMALLCONST       001000-005643              100

                                  Symbol Table

?_Clear_str                                   cstackCOMRAM 000001
?_ConfigUSART                                 cstackCOMRAM 000004
?_Delay1KTCYx                                 cstackCOMRAM 000001
?_Delay_s                                     cstackCOMRAM 000005
?_FileString_GetExtension                     cstackCOMRAM 000001
?_FileString_StrCmpNoCase                     cstackCOMRAM 000007
?_FileString_TrimLength                       cstackCOMRAM 000001
?_OpenUSART                                   cstackCOMRAM 000001
?_WriteSPI_                                   cstackCOMRAM 000001
?_WriteUSART                                  cstackCOMRAM 000001
?_Write_str                                   cstackCOMRAM 000006
?___awdiv                                     cstackCOMRAM 000001
?___lldiv                                     cstackCOMRAM 000001
?___llmod                                     cstackCOMRAM 000001
?___lmul                                      cstackCOMRAM 000001
?___lwdiv                                     cstackCOMRAM 000001
?___lwmod                                     cstackCOMRAM 000009
?___wmul                                      cstackCOMRAM 000001
?__allocate_file                              cstackCOMRAM 000011
?__check_file_open                            cstackCOMRAM 000025
?__create_file                                cstackBANK1  00014D
?__doprnt                                     cstackCOMRAM 00000F
?__free_file                                  cstackCOMRAM 000011
?__open_directory                             cstackBANK0  0000B8
?__open_file                                  cstackBANK0  0000F2
?__read_sectors                               cstackBANK0  000080
?__write_sectors                              cstackBANK0  00009E
?_command                                     cstackCOMRAM 000003
?_delay_ms                                    cstackCOMRAM 000002
?_fatfs_add_file_entry                        cstackBANK0  0000CC
?_fatfs_add_free_space                        cstackCOMRAM 000074
?_fatfs_allocate_free_space                   cstackBANK0  00009E
?_fatfs_cache_get_next_cluster                cstackCOMRAM 000001
?_fatfs_cache_init                            cstackCOMRAM 000001
?_fatfs_cache_set_next_cluster                cstackCOMRAM 000001
?_fatfs_compare_names                         cstackCOMRAM 000013
?_fatfs_entry_is_dir                          cstackCOMRAM 000001
?_fatfs_entry_is_file                         cstackCOMRAM 000001
?_fatfs_entry_lfn_exists                      cstackCOMRAM 000001
?_fatfs_entry_lfn_invalid                     cstackCOMRAM 000001
?_fatfs_entry_lfn_text                        cstackCOMRAM 000001
?_fatfs_entry_sfn_only                        cstackCOMRAM 000001
?_fatfs_fat_add_cluster_to_chain              cstackBANK0  000080
?_fatfs_fat_init                              cstackCOMRAM 00000F
?_fatfs_fat_purge                             cstackCOMRAM 000034
?_fatfs_fat_read_sector                       cstackCOMRAM 000034
?_fatfs_fat_set_cluster                       cstackCOMRAM 000046
?_fatfs_fat_writeback                         cstackCOMRAM 000020
?_fatfs_filename_to_lfn                       cstackCOMRAM 00000F
?_fatfs_find_blank_cluster                    cstackCOMRAM 000046
?_fatfs_find_free_dir_offset                  cstackBANK0  0000AC
?_fatfs_find_next_cluster                     cstackCOMRAM 000046
?_fatfs_free_cluster_chain                    cstackBANK0  000080
?_fatfs_get_file_entry                        cstackBANK0  0000AC
?_fatfs_get_root_cluster                      cstackCOMRAM 000001
?_fatfs_get_sfn_display_name                  cstackCOMRAM 000001
?_fatfs_get_substring                         cstackCOMRAM 000007
?_fatfs_init                                  cstackCOMRAM 000020
?_fatfs_itoa                                  cstackCOMRAM 00000F
?_fatfs_lba_of_cluster                        cstackCOMRAM 00000D
?_fatfs_lfn_cache_entry                       cstackCOMRAM 000007
?_fatfs_lfn_cache_get                         cstackCOMRAM 000001
?_fatfs_lfn_cache_init                        cstackCOMRAM 00000F
?_fatfs_lfn_create_sfn                        cstackCOMRAM 00000F
?_fatfs_lfn_entries_required                  cstackCOMRAM 00000A
?_fatfs_lfn_generate_tail                     cstackCOMRAM 000034
?_fatfs_list_directory_next                   cstackBANK0  0000AC
?_fatfs_list_directory_start                  cstackCOMRAM 000001
?_fatfs_sector_read                           cstackCOMRAM 000020
?_fatfs_sector_reader                         cstackBANK0  000080
?_fatfs_sector_write                          cstackCOMRAM 000020
?_fatfs_set_fs_info_next_free_cluster         cstackCOMRAM 000046
?_fatfs_sfn_create_entry                      cstackCOMRAM 000001
?_fatfs_sfn_exists                            cstackBANK0  0000AC
?_fatfs_split_path                            cstackCOMRAM 00001B
?_fatfs_total_path_levels                     cstackCOMRAM 000001
?_fatfs_update_file_length                    cstackBANK0  0000AC
?_fatfs_write_sector                          cstackCOMRAM 000020
?_fl_attach_media                             cstackCOMRAM 000056
?_fl_closedir                                 cstackCOMRAM 000001
?_fl_fclose                                   cstackBANK0  0000D7
?_fl_fflush                                   cstackBANK0  0000D3
?_fl_fopen                                    cstackBANK1  00017E
?_fl_fread                                    cstackBANK0  0000D7
?_fl_fwrite                                   cstackBANK0  0000D7
?_fl_listdirectory                            cstackBANK0  0000FE
?_fl_opendir                                  cstackBANK0  0000F2
?_fl_readdir                                  cstackBANK0  0000BA
?_media_read                                  cstackCOMRAM 00000A
?_media_write                                 cstackCOMRAM 00000A
?_memcpy                                      cstackCOMRAM 000001
?_memset                                      cstackCOMRAM 000007
?_printf                                      cstackCOMRAM 000020
?_putch                                       cstackCOMRAM 000001
?_putsUSART                                   cstackCOMRAM 000002
?_strlen                                      cstackCOMRAM 000001
?_strncmp                                     cstackCOMRAM 000001
?_strncpy                                     cstackCOMRAM 000001
?fat_list@fat_list_init                       cstackCOMRAM 000001
?fat_list@fat_list_insert_after               cstackCOMRAM 000001
?fat_list@fat_list_insert_before              cstackCOMRAM 000001
?fat_list@fat_list_insert_first               cstackCOMRAM 000009
?fat_list@fat_list_insert_last                cstackCOMRAM 00000D
?fat_list@fat_list_pop_head                   cstackCOMRAM 000007
?fat_list@fat_list_remove                     cstackCOMRAM 000001
Clear_str@buffer                              cstackCOMRAM 000001
ConfigUSART@config_1                          cstackCOMRAM 000004
ConfigUSART@config_2                          cstackCOMRAM 000005
Delay1KTCYx@unit                              cstackCOMRAM 000001
Delay_s@i                                     cstackCOMRAM 000007
Delay_s@j                                     cstackCOMRAM 000008
Delay_s@t                                     cstackCOMRAM 000005
FileString_GetExtension@dotPos                cstackCOMRAM 000005
FileString_GetExtension@str                   cstackCOMRAM 000001
FileString_GetExtension@strSrc                cstackCOMRAM 000007
FileString_StrCmpNoCase@a                     cstackCOMRAM 000011
FileString_StrCmpNoCase@b                     cstackCOMRAM 000012
FileString_StrCmpNoCase@diff                  cstackCOMRAM 00000F
FileString_StrCmpNoCase@n                     cstackCOMRAM 00000B
FileString_StrCmpNoCase@s1                    cstackCOMRAM 000007
FileString_StrCmpNoCase@s2                    cstackCOMRAM 000009
FileString_TrimLength@length                  cstackCOMRAM 000007
FileString_TrimLength@str                     cstackCOMRAM 000001
FileString_TrimLength@strLen                  cstackCOMRAM 000003
FileString_TrimLength@strSrc                  cstackCOMRAM 000009
OpenUSART@config                              cstackCOMRAM 000001
OpenUSART@spbrg                               cstackCOMRAM 000002
ReadBUF@u                                     cstackCOMRAM 000001
WriteSPI_@TempVar                             cstackCOMRAM 000002
WriteSPI_@data_out                            cstackCOMRAM 000001
WriteUSART@data                               cstackCOMRAM 000001
Write_str@str                                 cstackCOMRAM 000006
_ADCON1                                       (abs)        000FC1
_BF                                           (abs)        007E38
_CKE                                          (abs)        007E3E
_CKP                                          (abs)        007E34
_CMCON                                        (abs)        000FB4
_CardType                                     bssBANK1     0001DC
_Clear_str                                    text7        005726
_ConfigUSART                                  text5        00567A
_Delay1KTCYx                                  text3        00566C
_Delay_s                                      text1        00580E
_FileString_GetExtension                      text75       005AF4
_FileString_StrCmpNoCase                      text76       006824
_FileString_TrimLength                        text74       006126
_LATB4                                        (abs)        007C54
_LATBbits                                     (abs)        000F8A
_LATCbits                                     (abs)        000F8B
_LATD                                         (abs)        000F8C
_LATD0                                        (abs)        007C60
_LATD1                                        (abs)        007C61
_LATD2                                        (abs)        007C62
_OpenUSART                                    text6        005E6A
_PIE1bits                                     (abs)        000F9D
_PIR1bits                                     (abs)        000F9E
_PORTB                                        (abs)        000F81
_RCREG                                        (abs)        000FAE
_RCSTA                                        (abs)        000FAB
_RCSTAbits                                    (abs)        000FAB
_ReadBUF                                      text102      00564C
_SMP                                          (abs)        007E3F
_SPBRG                                        (abs)        000FAF
_SPBRGH                                       (abs)        000FB0
_SSPBUF                                       (abs)        000FC9
_SSPCON1                                      (abs)        000FC6
_SSPCON1bits                                  (abs)        000FC6
_SSPEN                                        (abs)        007E35
_SSPSTAT                                      (abs)        000FC7
_SSPSTATbits                                  (abs)        000FC7
_Stat                                         dataBANK1    0001DA
_TRISBbits                                    (abs)        000F93
_TRISCbits                                    (abs)        000F94
_TRISD                                        (abs)        000F95
_TXREG                                        (abs)        000FAD
_TXSTA                                        (abs)        000FAC
_TXSTAbits                                    (abs)        000FAC
_Timer1                                       bssBANK1     0001DE
_Timer2                                       bssBANK1     0001E0
_USART_Status                                 bssBANK1     0001EC
_WriteSPI_                                    text103      0056B0
_WriteUSART                                   text108      00569C
_Write_str                                    text106      00568A
__CFG_BOREN$ON                                (abs)        000000
__CFG_BORV$3                                  (abs)        000000
__CFG_CCP2MX$PORTC                            (abs)        000000
__CFG_FCMEN$OFF                               (abs)        000000
__CFG_IESO$OFF                                (abs)        000000
__CFG_LPT1OSC$OFF                             (abs)        000000
__CFG_LVP$OFF                                 (abs)        000000
__CFG_MCLRE$ON                                (abs)        000000
__CFG_OSC$HS                                  (abs)        000000
__CFG_PBADEN$OFF                              (abs)        000000
__CFG_PWRT$OFF                                (abs)        000000
__CFG_STVREN$OFF                              (abs)        000000
__CFG_WDT$OFF                                 (abs)        000000
__CFG_WDTPS$32768                             (abs)        000000
__CFG_XINST$OFF                               (abs)        000000
__HRAM                                        (abs)        000000
__Habs1                                       abs1         000000
__Hbank0                                      bank0        000000
__Hbank1                                      bank1        000000
__Hbank10                                     bank10       000000
__Hbank11                                     bank11       000000
__Hbank12                                     bank12       000000
__Hbank13                                     bank13       000000
__Hbank14                                     bank14       000000
__Hbank15                                     bank15       000000
__Hbank2                                      bank2        000000
__Hbank3                                      bank3        000000
__Hbank4                                      bank4        000000
__Hbank5                                      bank5        000000
__Hbank6                                      bank6        000000
__Hbank7                                      bank7        000000
__Hbank8                                      bank8        000000
__Hbank9                                      bank9        000000
__Hbigbss                                     bigbss       000000
__Hbigdata                                    bigdata      000000
__Hbigram                                     bigram       000000
__Hbss                                        bss          000000
__HbssBANK1                                   bssBANK1     000000
__HbssBANK2                                   bssBANK2     000000
__HbssBANK3                                   bssBANK3     000000
__HbssBIGRAM                                  bssBIGRAM    000000
__Hcinit                                      cinit        000000
__Hclrtext                                    clrtext      000000
__Hcomram                                     comram       000000
__Hconfig                                     config       30000E
__Hconst                                      const        000000
__HcstackBANK0                                cstackBANK0  000000
__HcstackBANK1                                cstackBANK1  000000
__HcstackCOMRAM                               cstackCOMRAM 000000
__Hdata                                       data         000000
__HdataBANK1                                  dataBANK1    000000
__HdataBANK2                                  dataBANK2    000000
__HdataBANK4                                  dataBANK4    000000
__Heeprom_data                                eeprom_data  000000
__Hend_init                                   end_init     000004
__Hfarbss                                     farbss       000000
__Hfardata                                    fardata      000000
__Hibigdata                                   ibigdata     000000
__Hidata                                      idata        000000
__HidataBANK1                                 idataBANK1   000000
__HidataBANK2                                 idataBANK2   000000
__HidataBANK4                                 idataBANK4   000000
__Hidloc                                      idloc        200008
__Hifardata                                   ifardata     000000
__Hinit                                       init         000000
__Hintcode                                    intcode      000000
__Hintcode_body                               intcode_body 000000
__Hintcodelo                                  intcodelo    000000
__Hintentry                                   intentry     000000
__Hintret                                     intret       000000
__Hintsave_regs                               intsave_regs 000000
__Hirdata                                     irdata       000000
__Hmediumconst                                mediumconst  010000
__HnvFARRAM                                   nvFARRAM     000000
__Hnvbit                                      nvbit        000000
__Hnvrram                                     nvrram       000000
__Hparam                                      rparam       000000
__Hpowerup                                    powerup      000000
__Hram                                        ram          000000
__Hramtop                                     ramtop       001000
__Hrbit                                       rbit         000000
__Hrbss                                       rbss         000000
__Hrdata                                      rdata        000000
__Hreset_vec                                  reset_vec    000000
__Hrparam                                     rparam       000000
__Hsfr                                        sfr          000000
__Hsmallconst                                 smallconst   000000
__Hstruct                                     struct       000000
__Htemp                                       temp         000000
__Htext                                       text         000000
__Htext0                                      text0        000000
__Htext1                                      text1        000000
__Htext10                                     text10       000000
__Htext100                                    text100      000000
__Htext101                                    text101      000000
__Htext102                                    text102      000000
__Htext103                                    text103      000000
__Htext104                                    text104      000000
__Htext105                                    text105      000000
__Htext106                                    text106      000000
__Htext107                                    text107      000000
__Htext108                                    text108      000000
__Htext109                                    text109      000000
__Htext11                                     text11       000000
__Htext110                                    text110      000000
__Htext111                                    text111      000000
__Htext112                                    text112      000000
__Htext12                                     text12       000000
__Htext13                                     text13       000000
__Htext14                                     text14       000000
__Htext15                                     text15       000000
__Htext16                                     text16       000000
__Htext17                                     text17       000000
__Htext18                                     text18       000000
__Htext19                                     text19       000000
__Htext2                                      text2        000000
__Htext20                                     text20       000000
__Htext21                                     text21       000000
__Htext22                                     text22       000000
__Htext23                                     text23       000000
__Htext24                                     text24       000000
__Htext25                                     text25       000000
__Htext26                                     text26       000000
__Htext27                                     text27       000000
__Htext28                                     text28       000000
__Htext29                                     text29       000000
__Htext3                                      text3        000000
__Htext30                                     text30       000000
__Htext31                                     text31       000000
__Htext32                                     text32       000000
__Htext33                                     text33       000000
__Htext34                                     text34       000000
__Htext35                                     text35       000000
__Htext36                                     text36       000000
__Htext37                                     text37       000000
__Htext38                                     text38       000000
__Htext39                                     text39       000000
__Htext4                                      text4        000000
__Htext40                                     text40       000000
__Htext41                                     text41       000000
__Htext42                                     text42       000000
__Htext43                                     text43       000000
__Htext44                                     text44       000000
__Htext45                                     text45       000000
__Htext46                                     text46       000000
__Htext47                                     text47       000000
__Htext48                                     text48       000000
__Htext49                                     text49       000000
__Htext5                                      text5        000000
__Htext50                                     text50       000000
__Htext51                                     text51       000000
__Htext52                                     text52       000000
__Htext53                                     text53       000000
__Htext54                                     text54       000000
__Htext55                                     text55       000000
__Htext56                                     text56       000000
__Htext57                                     text57       000000
__Htext58                                     text58       000000
__Htext59                                     text59       000000
__Htext6                                      text6        000000
__Htext60                                     text60       000000
__Htext61                                     text61       000000
__Htext62                                     text62       000000
__Htext63                                     text63       000000
__Htext64                                     text64       000000
__Htext65                                     text65       000000
__Htext66                                     text66       000000
__Htext67                                     text67       000000
__Htext68                                     text68       000000
__Htext69                                     text69       000000
__Htext7                                      text7        000000
__Htext70                                     text70       000000
__Htext71                                     text71       000000
__Htext72                                     text72       000000
__Htext73                                     text73       000000
__Htext74                                     text74       000000
__Htext75                                     text75       000000
__Htext76                                     text76       000000
__Htext77                                     text77       000000
__Htext78                                     text78       000000
__Htext79                                     text79       000000
__Htext8                                      text8        000000
__Htext80                                     text80       000000
__Htext81                                     text81       000000
__Htext82                                     text82       000000
__Htext83                                     text83       000000
__Htext84                                     text84       000000
__Htext85                                     text85       000000
__Htext86                                     text86       000000
__Htext87                                     text87       000000
__Htext88                                     text88       000000
__Htext89                                     text89       000000
__Htext9                                      text9        000000
__Htext90                                     text90       000000
__Htext91                                     text91       000000
__Htext92                                     text92       000000
__Htext93                                     text93       000000
__Htext94                                     text94       000000
__Htext95                                     text95       000000
__Htext96                                     text96       000000
__Htext97                                     text97       000000
__Htext98                                     text98       000000
__Htext99                                     text99       000000
__LRAM                                        (abs)        000001
__Labs1                                       abs1         000000
__Lbank0                                      bank0        000000
__Lbank1                                      bank1        000000
__Lbank10                                     bank10       000000
__Lbank11                                     bank11       000000
__Lbank12                                     bank12       000000
__Lbank13                                     bank13       000000
__Lbank14                                     bank14       000000
__Lbank15                                     bank15       000000
__Lbank2                                      bank2        000000
__Lbank3                                      bank3        000000
__Lbank4                                      bank4        000000
__Lbank5                                      bank5        000000
__Lbank6                                      bank6        000000
__Lbank7                                      bank7        000000
__Lbank8                                      bank8        000000
__Lbank9                                      bank9        000000
__Lbigbss                                     bigbss       000000
__Lbigdata                                    bigdata      000000
__Lbigram                                     bigram       000000
__Lbss                                        bss          000000
__LbssBANK1                                   bssBANK1     000000
__LbssBANK2                                   bssBANK2     000000
__LbssBANK3                                   bssBANK3     000000
__LbssBIGRAM                                  bssBIGRAM    000000
__Lcinit                                      cinit        000000
__Lclrtext                                    clrtext      000000
__Lcomram                                     comram       000000
__Lconfig                                     config       300000
__Lconst                                      const        000000
__LcstackBANK0                                cstackBANK0  000000
__LcstackBANK1                                cstackBANK1  000000
__LcstackCOMRAM                               cstackCOMRAM 000000
__Ldata                                       data         000000
__LdataBANK1                                  dataBANK1    000000
__LdataBANK2                                  dataBANK2    000000
__LdataBANK4                                  dataBANK4    000000
__Leeprom_data                                eeprom_data  000000
__Lend_init                                   end_init     000000
__Lfarbss                                     farbss       000000
__Lfardata                                    fardata      000000
__Libigdata                                   ibigdata     000000
__Lidata                                      idata        000000
__LidataBANK1                                 idataBANK1   000000
__LidataBANK2                                 idataBANK2   000000
__LidataBANK4                                 idataBANK4   000000
__Lidloc                                      idloc        200000
__Lifardata                                   ifardata     000000
__Linit                                       init         000000
__Lintcode                                    intcode      000000
__Lintcode_body                               intcode_body 000000
__Lintcodelo                                  intcodelo    000000
__Lintentry                                   intentry     000000
__Lintret                                     intret       000000
__Lintsave_regs                               intsave_regs 000000
__Lirdata                                     irdata       000000
__Lmediumconst                                mediumconst  00FE38
__LnvFARRAM                                   nvFARRAM     000000
__Lnvbit                                      nvbit        000000
__Lnvrram                                     nvrram       000000
__Lparam                                      rparam       000000
__Lpowerup                                    powerup      000000
__Lram                                        ram          000000
__Lramtop                                     ramtop       001000
__Lrbit                                       rbit         000000
__Lrbss                                       rbss         000000
__Lrdata                                      rdata        000000
__Lreset_vec                                  reset_vec    000000
__Lrparam                                     rparam       000000
__Lsfr                                        sfr          000000
__Lsmallconst                                 smallconst   000000
__Lstruct                                     struct       000000
__Ltemp                                       temp         000000
__Ltext                                       text         000000
__Ltext0                                      text0        000000
__Ltext1                                      text1        000000
__Ltext10                                     text10       000000
__Ltext100                                    text100      000000
__Ltext101                                    text101      000000
__Ltext102                                    text102      000000
__Ltext103                                    text103      000000
__Ltext104                                    text104      000000
__Ltext105                                    text105      000000
__Ltext106                                    text106      000000
__Ltext107                                    text107      000000
__Ltext108                                    text108      000000
__Ltext109                                    text109      000000
__Ltext11                                     text11       000000
__Ltext110                                    text110      000000
__Ltext111                                    text111      000000
__Ltext112                                    text112      000000
__Ltext12                                     text12       000000
__Ltext13                                     text13       000000
__Ltext14                                     text14       000000
__Ltext15                                     text15       000000
__Ltext16                                     text16       000000
__Ltext17                                     text17       000000
__Ltext18                                     text18       000000
__Ltext19                                     text19       000000
__Ltext2                                      text2        000000
__Ltext20                                     text20       000000
__Ltext21                                     text21       000000
__Ltext22                                     text22       000000
__Ltext23                                     text23       000000
__Ltext24                                     text24       000000
__Ltext25                                     text25       000000
__Ltext26                                     text26       000000
__Ltext27                                     text27       000000
__Ltext28                                     text28       000000
__Ltext29                                     text29       000000
__Ltext3                                      text3        000000
__Ltext30                                     text30       000000
__Ltext31                                     text31       000000
__Ltext32                                     text32       000000
__Ltext33                                     text33       000000
__Ltext34                                     text34       000000
__Ltext35                                     text35       000000
__Ltext36                                     text36       000000
__Ltext37                                     text37       000000
__Ltext38                                     text38       000000
__Ltext39                                     text39       000000
__Ltext4                                      text4        000000
__Ltext40                                     text40       000000
__Ltext41                                     text41       000000
__Ltext42                                     text42       000000
__Ltext43                                     text43       000000
__Ltext44                                     text44       000000
__Ltext45                                     text45       000000
__Ltext46                                     text46       000000
__Ltext47                                     text47       000000
__Ltext48                                     text48       000000
__Ltext49                                     text49       000000
__Ltext5                                      text5        000000
__Ltext50                                     text50       000000
__Ltext51                                     text51       000000
__Ltext52                                     text52       000000
__Ltext53                                     text53       000000
__Ltext54                                     text54       000000
__Ltext55                                     text55       000000
__Ltext56                                     text56       000000
__Ltext57                                     text57       000000
__Ltext58                                     text58       000000
__Ltext59                                     text59       000000
__Ltext6                                      text6        000000
__Ltext60                                     text60       000000
__Ltext61                                     text61       000000
__Ltext62                                     text62       000000
__Ltext63                                     text63       000000
__Ltext64                                     text64       000000
__Ltext65                                     text65       000000
__Ltext66                                     text66       000000
__Ltext67                                     text67       000000
__Ltext68                                     text68       000000
__Ltext69                                     text69       000000
__Ltext7                                      text7        000000
__Ltext70                                     text70       000000
__Ltext71                                     text71       000000
__Ltext72                                     text72       000000
__Ltext73                                     text73       000000
__Ltext74                                     text74       000000
__Ltext75                                     text75       000000
__Ltext76                                     text76       000000
__Ltext77                                     text77       000000
__Ltext78                                     text78       000000
__Ltext79                                     text79       000000
__Ltext8                                      text8        000000
__Ltext80                                     text80       000000
__Ltext81                                     text81       000000
__Ltext82                                     text82       000000
__Ltext83                                     text83       000000
__Ltext84                                     text84       000000
__Ltext85                                     text85       000000
__Ltext86                                     text86       000000
__Ltext87                                     text87       000000
__Ltext88                                     text88       000000
__Ltext89                                     text89       000000
__Ltext9                                      text9        000000
__Ltext90                                     text90       000000
__Ltext91                                     text91       000000
__Ltext92                                     text92       000000
__Ltext93                                     text93       000000
__Ltext94                                     text94       000000
__Ltext95                                     text95       000000
__Ltext96                                     text96       000000
__Ltext97                                     text97       000000
__Ltext98                                     text98       000000
__Ltext99                                     text99       000000
__S0                                          (abs)        30000E
__S1                                          (abs)        000D97
___awdiv                                      text111      0066F6
___awdiv@counter                              cstackCOMRAM 000006
___awdiv@dividend                             cstackCOMRAM 000001
___awdiv@divisor                              cstackCOMRAM 000003
___awdiv@quotient                             cstackCOMRAM 000008
___awdiv@sign                                 cstackCOMRAM 000007
___lldiv                                      text66       00655A
___lldiv@counter                              cstackCOMRAM 00000E
___lldiv@dividend                             cstackCOMRAM 000001
___lldiv@divisor                              cstackCOMRAM 000005
___lldiv@quotient                             cstackCOMRAM 00000A
___llmod                                      text40       006050
___llmod@counter                              cstackCOMRAM 00000A
___llmod@dividend                             cstackCOMRAM 000001
___llmod@divisor                              cstackCOMRAM 000005
___lmul                                       text98       005B9E
___lmul@multiplicand                          cstackCOMRAM 000005
___lmul@multiplier                            cstackCOMRAM 000001
___lmul@product                               cstackCOMRAM 000009
___lwdiv                                      text110      005B48
___lwdiv@counter                              cstackCOMRAM 000008
___lwdiv@dividend                             cstackCOMRAM 000001
___lwdiv@divisor                              cstackCOMRAM 000003
___lwdiv@quotient                             cstackCOMRAM 000006
___lwmod                                      text96       005922
___lwmod@counter                              cstackCOMRAM 00000E
___lwmod@dividend                             cstackCOMRAM 000009
___lwmod@divisor                              cstackCOMRAM 00000B
___wmul                                       text109      0058AE
___wmul@multiplicand                          cstackCOMRAM 000003
___wmul@multiplier                            cstackCOMRAM 000001
___wmul@product                               cstackCOMRAM 000005
__accesstop                                   (abs)        000080
__activetblptr                                (abs)        000003
__allocate_file                               text78       005BF4
__allocate_file@node                          cstackCOMRAM 000013
__check_file_open                             text72       0068C8
__check_file_open@file                        cstackCOMRAM 000025
__check_file_open@node                        cstackCOMRAM 000029
[...]
      Params:         6       0       0       0       0       0       0       0       0       0       0       0       0       0       0       0       0
      Locals:         2       0       0       0       0       0       0       0       0       0       0       0       0       0       0       0       0
      Temps:          0       0       0       0       0       0       0       0       0       0       0       0       0       0       0       0       0
      Totals:         8       0       0       0       0       0       0       0       0       0       0       0       0       0       0       0       0
Total ram usage:        8 bytes
 Hardware stack levels used:    1
 This function calls:
		Nothing
 This function is called by:
		_fatfs_get_file_entry
		_fatfs_list_directory_next
		__open_file
		__create_file
		_fl_fwrite
		_fatfs_lfn_cache_init
		_fatfs_filename_to_lfn
		_fatfs_lfn_create_sfn
		_fatfs_lfn_generate_tail
		_fatfs_fat_init
		_fatfs_find_free_dir_offset
		__create_directory
		_fatfs_erase_sectors
		_fatfs_create_boot_sector
		_fatfs_create_fsinfo_sector
		_fatfs_erase_fat
 This function uses a non-reentrant model


 *************** function _Write_str *****************
 Defined at:
		line 52 in file "uart.c"
 Parameters:    Size  Location     Type
  str             2    5[COMRAM] PTR unsigned char 
		 -> STR_31(3), STR_30(30), str_1(200), STR_24(28), 
		 -> STR_23(32), STR_22(38), fatfs_show_details_@str(0), 
 Auto vars:     Size  Location     Type
		None
 Return value:  Size  Location     Type
		None               void
 Registers used:
		wreg, fsr0l, fsr0h, status,2, status,0, tblptrl, tblptrh, tblptru, cstack
 Tracked objects:
		On entry : 
		On exit  : 
		Unchanged: 
 Data sizes:     COMRAM   BANK0   BANK1   BANK2   BANK3   BANK4   BANK5   BANK6   BANK7   BANK8   BANK9  BANK10  BANK11  BANK12  BANK13  BANK14  BANK15
      Params:         2       0       0       0       0       0       0       0       0       0       0       0       0       0       0       0       0
      Locals:         0       0       0       0       0       0       0       0       0       0       0       0       0       0       0       0       0
      Temps:          0       0       0       0       0       0       0       0       0       0       0       0       0       0       0       0       0
      Totals:         2       0       0       0       0       0       0       0       0       0       0       0       0       0       0       0       0
Total ram usage:        2 bytes
 Hardware stack levels used:    1
 Hardware stack levels required when called:    2
 This function calls:
		_putsUSART
 This function is called by:
		_main
		_fatfs_show_details_
 This function uses a non-reentrant model


 *************** function _putsUSART *****************
 Defined at:
		line 15 in file "C:\Program Files (x86)\Microchip\xc8\v1.21\sources\pic18\plib\USART\uputs.c"
 Parameters:    Size  Location     Type
  data            2    1[COMRAM] PTR unsigned char 
		 -> STR_31(3), STR_30(30), str_1(200), STR_24(28), 
		 -> STR_23(32), STR_22(38), fatfs_show_details_@str(0), 
 Auto vars:     Size  Location     Type
		None
 Return value:  Size  Location     Type
		None               void
 Registers used:
		wreg, fsr0l, fsr0h, status,2, status,0, tblptrl, tblptrh, tblptru, cstack
 Tracked objects:
		On entry : 
		On exit  : 
		Unchanged: 
 Data sizes:     COMRAM   BANK0   BANK1   BANK2   BANK3   BANK4   BANK5   BANK6   BANK7   BANK8   BANK9  BANK10  BANK11  BANK12  BANK13  BANK14  BANK15
      Params:         2       0       0       0       0       0       0       0       0       0       0       0       0       0       0       0       0
      Locals:         0       0       0       0       0       0       0       0       0       0       0       0       0       0       0       0       0
      Temps:          2       0       0       0       0       0       0       0       0       0       0       0       0       0       0       0       0
      Totals:         4       0       0       0       0       0       0       0       0       0       0       0       0       0       0       0       0
Total ram usage:        4 bytes
 Hardware stack levels used:    1
 Hardware stack levels required when called:    1
 This function calls:
		_WriteUSART
 This function is called by:
		_Write_str
 This function uses a non-reentrant model


 *************** function _WriteUSART *****************
 Defined at:
		line 14 in file "C:\Program Files (x86)\Microchip\xc8\v1.21\sources\pic18\plib\USART\uwrite.c"
 Parameters:    Size  Location     Type
  data            1    0[COMRAM] unsigned char 
 Auto vars:     Size  Location     Type
		None
 Return value:  Size  Location     Type
		None               void
 Registers used:
		None
 Tracked objects:
		On entry : 
		On exit  : 
		Unchanged: 
 Data sizes:     COMRAM   BANK0   BANK1   BANK2   BANK3   BANK4   BANK5   BANK6   BANK7   BANK8   BANK9  BANK10  BANK11  BANK12  BANK13  BANK14  BANK15
      Params:         1       0       0       0       0       0       0       0       0       0       0       0       0       0       0       0       0
      Locals:         0       0       0       0       0       0       0       0       0       0       0       0       0       0       0       0       0
      Temps:          0       0       0       0       0       0       0       0       0       0       0       0       0       0       0       0       0
      Totals:         1       0       0       0       0       0       0       0       0       0       0       0       0       0       0       0       0
Total ram usage:        1 bytes
 Hardware stack levels used:    1
 This function calls:
		Nothing
 This function is called by:
		_putsUSART
		_ReadUART
		_Read_str
		_Write
 This function uses a non-reentrant model


 *************** function ___wmul *****************
 Defined at:
		line 5 in file "C:\Program Files (x86)\Microchip\xc8\v1.21\sources\common\wmul.c"
 Parameters:    Size  Location     Type
  multiplier      2    0[COMRAM] unsigned int 
  multiplicand    2    2[COMRAM] unsigned int 
 Auto vars:     Size  Location     Type
  product         2    4[COMRAM] unsigned int 
 Return value:  Size  Location     Type
                  2    0[COMRAM] unsigned int 
 Registers used:
		wreg, status,2, status,0, prodl, prodh
 Tracked objects:
		On entry : 
		On exit  : 
		Unchanged: 
 Data sizes:     COMRAM   BANK0   BANK1   BANK2   BANK3   BANK4   BANK5   BANK6   BANK7   BANK8   BANK9  BANK10  BANK11  BANK12  BANK13  BANK14  BANK15
      Params:         4       0       0       0       0       0       0       0       0       0       0       0       0       0       0       0       0
      Locals:         2       0       0       0       0       0       0       0       0       0       0       0       0       0       0       0       0
      Temps:          0       0       0       0       0       0       0       0       0       0       0       0       0       0       0       0       0
      Totals:         6       0       0       0       0       0       0       0       0       0       0       0       0       0       0       0       0
Total ram usage:        6 bytes
 Hardware stack levels used:    1
 This function calls:
		Nothing
 This function is called by:
		_fl_init
		_fl_fread
		_fl_fwrite
		_fatfs_lfn_cache_init
		_fatfs_lfn_cache_entry
		_fatfs_filename_to_lfn
		_fatfs_fat_init
		_fatfs_allocate_free_space
		_fatfs_calc_cluster_size
		_disk_ioctl
 This function uses a non-reentrant model


 *************** function ___lwdiv *****************
 Defined at:
		line 10 in file "C:\Program Files (x86)\Microchip\xc8\v1.21\sources\common\lwdiv.c"
 Parameters:    Size  Location     Type
  dividend        2    0[COMRAM] unsigned int 
  divisor         2    2[COMRAM] unsigned int 
 Auto vars:     Size  Location     Type
  quotient        2    5[COMRAM] unsigned int 
  counter         1    7[COMRAM] unsigned char 
 Return value:  Size  Location     Type
                  2    0[COMRAM] unsigned int 
 Registers used:
		wreg, status,2, status,0
 Tracked objects:
		On entry : 
		On exit  : 
		Unchanged: 
 Data sizes:     COMRAM   BANK0   BANK1   BANK2   BANK3   BANK4   BANK5   BANK6   BANK7   BANK8   BANK9  BANK10  BANK11  BANK12  BANK13  BANK14  BANK15
      Params:         4       0       0       0       0       0       0       0       0       0       0       0       0       0       0       0       0
      Locals:         3       0       0       0       0       0       0       0       0       0       0       0       0       0       0       0       0
      Temps:          1       0       0       0       0       0       0       0       0       0       0       0       0       0       0       0       0
      Totals:         8       0       0       0       0       0       0       0       0       0       0       0       0       0       0       0       0
Total ram usage:        8 bytes
 Hardware stack levels used:    1
 This function calls:
		Nothing
 This function is called by:
		_fatfs_init
		__doprnt
 This function uses a non-reentrant model


 *************** function ___awdiv *****************
 Defined at:
		line 10 in file "C:\Program Files (x86)\Microchip\xc8\v1.21\sources\common\awdiv.c"
 Parameters:    Size  Location     Type
  dividend        2    0[COMRAM] int 
  divisor         2    2[COMRAM] int 
 Auto vars:     Size  Location     Type
  quotient        2    7[COMRAM] int 
  sign            1    6[COMRAM] unsigned char 
  counter         1    5[COMRAM] unsigned char 
 Return value:  Size  Location     Type
                  2    0[COMRAM] int 
 Registers used:
		wreg, status,2, status,0
 Tracked objects:
		On entry : 
		On exit  : 
		Unchanged: 
 Data sizes:     COMRAM   BANK0   BANK1   BANK2   BANK3   BANK4   BANK5   BANK6   BANK7   BANK8   BANK9  BANK10  BANK11  BANK12  BANK13  BANK14  BANK15
      Params:         4       0       0       0       0       0       0       0       0       0       0       0       0       0       0       0       0
      Locals:         4       0       0       0       0       0       0       0       0       0       0       0       0       0       0       0       0
      Temps:          1       0       0       0       0       0       0       0       0       0       0       0       0       0       0       0       0
      Totals:         9       0       0       0       0       0       0       0       0       0       0       0       0       0       0       0       0
Total ram usage:        9 bytes
 Hardware stack levels used:    1
 This function calls:
		Nothing
 This function is called by:
		_fl_fread
		_fatfs_lfn_entries_required
 This function uses a non-reentrant model



MODULE INFORMATION

Module		Function		Class		Link	Load	Size
C:\Program Files (x86)\Microchip\xc8\v1.21\sources\common\lwdiv.c
		___lwdiv       		CODE           	5B48	0000	86

C:\Program Files (x86)\Microchip\xc8\v1.21\sources\common\lwdiv.c estimated size: 86

uart.c
		_Write_str     		CODE           	568A	0000	18
		_ConfigUSART   		CODE           	567A	0000	16

uart.c estimated size: 34

fat_misc.c
		_fatfs_lfn_cach		CODE           	5FE6	0000	106
		_fatfs_lfn_crea		CODE           	9CAA	0000	680
		_fatfs_filename		CODE           	8E08	0000	538
		_fatfs_entry_lf		CODE           	5C4C	0000	88
		_fatfs_lfn_gene		CODE           	6B88	0000	190
		_fatfs_entry_lf		CODE           	57BA	0000	40
		_fatfs_entry_lf		CODE           	63DE	0000	126
		_fatfs_entry_is		CODE           	576E	0000	38
		_fatfs_entry_sf		CODE           	60BA	0000	108
		_fatfs_lfn_entr		CODE           	5968	0000	72
		_fatfs_itoa    		CODE           	6D0E	0000	240
		_fatfs_lfn_cach		CODE           	6276	0000	116
		_fatfs_sfn_crea		CODE           	7760	0000	360
		_fatfs_entry_is		CODE           	5794	0000	38
		_fatfs_lfn_cach		CODE           	A600	0000	968

fat_misc.c estimated size: 3708

fat_cache.c
		_fatfs_cache_in		CODE           	5646	0000	2
		_fatfs_cache_ge		CODE           	5656	0000	10
		_fatfs_cache_se		CODE           	5648	0000	2

fat_cache.c estimated size: 14

fat_string.c
		_FileString_Get		CODE           	5AF4	0000	84
		_FileString_Str		CODE           	6824	0000	164
		_fatfs_get_sfn_		CODE           	6204	0000	114
		_fatfs_get_subs		CODE           	87F2	0000	508
		_fatfs_split_pa		CODE           	6DFE	0000	244
		_FileString_Tri		CODE           	6126	0000	110
		_fatfs_total_pa		CODE           	74A2	0000	346
		_fatfs_compare_		CODE           	7EFA	0000	438

fat_string.c estimated size: 2008

C:\Program Files (x86)\Microchip\xc8\v1.21\sources\common\wmul.c
		___wmul        		CODE           	58AE	0000	58

C:\Program Files (x86)\Microchip\xc8\v1.21\sources\common\wmul.c estimated size: 58

shared
		fat_list@fat_li		CODE           	6974	0000	174
		fat_list@fat_li		CODE           	5A4C	0000	84
		fat_list@fat_li		CODE           	666A	0000	140
		fat_list@fat_li		CODE           	5878	0000	54
		fat_list@fat_li		CODE           	64DA	0000	128
		__stringdata   		MEDIUMCONST    	FE5B	0000	420
		fat_list@fat_li		CODE           	6362	0000	124
		_dpowers       		MEDIUMCONST    	FE49	0000	10
		fatfs_itoa@F407		MEDIUMCONST    	FE38	0000	17
		__initializatio		CODE           	6786	0000	152
		fat_list@fat_li		CODE           	5748	0000	38
		_hexpowers     		MEDIUMCONST    	FE53	0000	8

shared estimated size: 1349

C:\Program Files (x86)\Microchip\xc8\v1.21\sources\common\doprnt.c
		__doprnt       		CODE           	BB12	0000	1190

C:\Program Files (x86)\Microchip\xc8\v1.21\sources\common\doprnt.c estimated size: 1190

C:\Program Files (x86)\Microchip\xc8\v1.21\sources\common\llmod.c
		___llmod       		CODE           	6050	0000	106

C:\Program Files (x86)\Microchip\xc8\v1.21\sources\common\llmod.c estimated size: 106

C:\Program Files (x86)\Microchip\xc8\v1.21\sources\common\putch.c
		_putch         		CODE           	5644	0000	2

C:\Program Files (x86)\Microchip\xc8\v1.21\sources\common\putch.c estimated size: 2

C:\Program Files (x86)\Microchip\xc8\v1.21\sources\common\lldiv.c
		___lldiv       		CODE           	655A	0000	134

C:\Program Files (x86)\Microchip\xc8\v1.21\sources\common\lldiv.c estimated size: 134

main.c
		_media_write   		CODE           	7BBC	0000	402
		_mmc_init      		CODE           	78C8	0000	360
		_Clear_str     		CODE           	5726	0000	34
		_main          		CODE           	8BF0	0000	536
		_media_read    		CODE           	75FC	0000	356
		_command       		CODE           	5D56	0000	92

main.c estimated size: 1780

C:\Program Files (x86)\Microchip\xc8\v1.21\sources\common\strncpy.c
		_strncpy       		CODE           	5EC6	0000	94

C:\Program Files (x86)\Microchip\xc8\v1.21\sources\common\strncpy.c estimated size: 94

C:\Program Files (x86)\Microchip\xc8\v1.21\sources\pic18\d1ktcyx.c
		_Delay1KTCYx   		CODE           	566C	0000	14

C:\Program Files (x86)\Microchip\xc8\v1.21\sources\pic18\d1ktcyx.c estimated size: 14

fat_table.c
		_fatfs_fat_read		CODE           	9294	0000	636
		_fatfs_find_nex		CODE           	A23E	0000	962
		_fatfs_fat_purg		CODE           	5CFC	0000	90
		_fatfs_free_clu		CODE           	6A22	0000	176
		_fatfs_fat_writ		CODE           	8438	0000	476
		_fatfs_fat_add_		CODE           	6EF2	0000	268
		_fatfs_fat_set_		CODE           	9A10	0000	666
		_fatfs_set_fs_i		CODE           	8614	0000	478
		_fatfs_find_bla		CODE           	BFB8	0000	1244
		_fatfs_fat_init		CODE           	826C	0000	460

fat_table.c estimated size: 5456

C:\Program Files (x86)\Microchip\xc8\v1.21\sources\common\strlen.c
		_strlen        		CODE           	5AA0	0000	84

C:\Program Files (x86)\Microchip\xc8\v1.21\sources\common\strlen.c estimated size: 84

C:\Program Files (x86)\Microchip\xc8\v1.21\sources\common\strncmp.c
		_strncmp       		CODE           	645C	0000	126

C:\Program Files (x86)\Microchip\xc8\v1.21\sources\common\strncmp.c estimated size: 126

fat_access.c
		_fatfs_write_se		CODE           	9F52	0000	748
		_fatfs_sector_w		CODE           	5DB2	0000	92
		_fatfs_get_file		CODE           	ADA0	0000	1090
		_fatfs_list_dir		CODE           	C494	0000	1294
		_fatfs_list_dir		CODE           	59B0	0000	74
		_fatfs_get_root		CODE           	56E8	0000	30
		_fatfs_update_f		CODE           	9022	0000	626
		_fatfs_init    		CODE           	F118	0000	3360
		_fatfs_sector_r		CODE           	5E0E	0000	92
		_fatfs_sfn_exis		CODE           	7A30	0000	396
		_fatfs_sector_r		CODE           	B670	0000	1186
		_fatfs_lba_of_c		CODE           	7114	0000	290

fat_access.c estimated size: 9278

C:\Program Files (x86)\Microchip\xc8\v1.21\sources\common\memcpy.c
		_memcpy        		CODE           	5CA4	0000	88

C:\Program Files (x86)\Microchip\xc8\v1.21\sources\common\memcpy.c estimated size: 88

C:\Program Files (x86)\Microchip\xc8\v1.21\sources\common\lmul.c
		___lmul        		CODE           	5B9E	0000	86

C:\Program Files (x86)\Microchip\xc8\v1.21\sources\common\lmul.c estimated size: 86

fat_filelib.c
		_fl_attach_medi		CODE           	6194	0000	112
		__free_file    		CODE           	58E8	0000	58
		__allocate_file		CODE           	5BF4	0000	88
		_fl_fwrite     		CODE           	E78C	0000	2444
		__read_sectors 		CODE           	CEC8	0000	1396
		_fl_fread      		CODE           	E0D4	0000	1720
		_fl_shutdown   		CODE           	5F24	0000	96
		_fl_init       		CODE           	65E0	0000	138
		_fl_fopen      		CODE           	9510	0000	636
		_fl_listdirecto		CODE           	7236	0000	296
		_fl_fflush     		CODE           	6FFE	0000	278
		__check_file_op		CODE           	68C8	0000	172
		__open_file    		CODE           	A9C8	0000	984
		_fl_opendir    		CODE           	735E	0000	324
		_fl_fclose     		CODE           	89EE	0000	514
		_fl_readdir    		CODE           	6AD2	0000	182
		__write_sectors		CODE           	DA84	0000	1616
		__create_file  		CODE           	D43C	0000	1608
		_fl_closedir   		CODE           	564A	0000	2
		__open_director		CODE           	80B0	0000	444

fat_filelib.c estimated size: 13108

delay.c
		_Delay_s       		CODE           	580E	0000	52
		_delay_ms      		CODE           	5706	0000	32

delay.c estimated size: 84

C:\Program Files (x86)\Microchip\xc8\v1.21\sources\pic18\plib\USART\uwrite.c
		_WriteUSART    		CODE           	569C	0000	20

C:\Program Files (x86)\Microchip\xc8\v1.21\sources\pic18\plib\USART\uwrite.c estimated size: 20

fat_list.h

fat_list.h estimated size: 0

C:\Program Files (x86)\Microchip\xc8\v1.21\sources\pic18\plib\USART\uputs.c
		_putsUSART     		CODE           	5F84	0000	98

C:\Program Files (x86)\Microchip\xc8\v1.21\sources\pic18\plib\USART\uputs.c estimated size: 98

spi_1.c
		_spi_read      		CODE           	5660	0000	12
		_spi_init      		CODE           	56CC	0000	28
		_ReadBUF       		CODE           	564C	0000	10
		_WriteSPI_     		CODE           	56B0	0000	28

spi_1.c estimated size: 78

C:\Program Files (x86)\Microchip\xc8\v1.21\sources\pic18\plib\USART\uopen.c
		_OpenUSART     		CODE           	5E6A	0000	92

C:\Program Files (x86)\Microchip\xc8\v1.21\sources\pic18\plib\USART\uopen.c estimated size: 92

C:\Program Files (x86)\Microchip\xc8\v1.21\sources\common\printf.c
		_printf        		CODE           	5842	0000	54

C:\Program Files (x86)\Microchip\xc8\v1.21\sources\common\printf.c estimated size: 54

C:\Program Files (x86)\Microchip\xc8\v1.21\sources\common\lwmod.c
		___lwmod       		CODE           	5922	0000	70

C:\Program Files (x86)\Microchip\xc8\v1.21\sources\common\lwmod.c estimated size: 70

C:\Program Files (x86)\Microchip\xc8\v1.21\sources\common\awdiv.c
		___awdiv       		CODE           	66F6	0000	144

C:\Program Files (x86)\Microchip\xc8\v1.21\sources\common\awdiv.c estimated size: 144

fat_write.c
		_fatfs_allocate		CODE           	978C	0000	644
		_fatfs_add_file		CODE           	C9A2	0000	1318
		_fatfs_find_fre		CODE           	B1E2	0000	1166
		_fatfs_add_free		CODE           	7D4E	0000	428

fat_write.c estimated size: 3556

C:\Program Files (x86)\Microchip\xc8\v1.21\sources\common\memset.c
		_memset        		CODE           	57E2	0000	44

C:\Program Files (x86)\Microchip\xc8\v1.21\sources\common\memset.c estimated size: 44

