Microchip MPLAB XC8 Compiler V1.33 ()

Linker command line:

--edf=C:\Program Files (x86)\Microchip\xc8\v1.33\dat\en_msgs.txt -cs \
  -h+dist/default/production\Basic_SPI_SDMMC.X.production.sym \
  --cmf=dist/default/production\Basic_SPI_SDMMC.X.production.cmf -z \
  -Q18F4550 -oC:\Users\ETIQLA~1\AppData\Local\Temp\s30o.6 \
  -Mdist/default/production/Basic_SPI_SDMMC.X.production.map -E1 -ver=XC8 \
  -ASTACK=060h-03ffh -pstack=STACK -ACODE=00h-07FFFh -ACONST=00h-07FFFh \
  -ASMALLCONST=0800h-08FFhx120 -AMEDIUMCONST=0800h-07FFFh -ACOMRAM=01h-05Fh \
  -AABS1=00h-07FFh -ABIGRAM=01h-07FFh -ARAM=060h-0FFh,0100h-01FFhx7 \
  -ABANK0=060h-0FFh -ABANK1=0100h-01FFh -ABANK2=0200h-02FFh \
  -ABANK3=0300h-03FFh -ABANK4=0400h-04FFh -ABANK5=0500h-05FFh \
  -ABANK6=0600h-06FFh -ABANK7=0700h-07FFh -ASFR=0F60h-0FFFh \
  -preset_vec=00h,intcode,intcodelo,powerup,init,end_init -pramtop=0800h \
  -psmallconst=SMALLCONST -pmediumconst=MEDIUMCONST -pconst=CONST \
  -AFARRAM=00h-00h -ACONFIG=0300000h-030000Dh -pconfig=CONFIG \
  -AIDLOC=0200000h-0200007h -pidloc=IDLOC -AEEDATA=0F00000h-0F000FFh \
  -peeprom_data=EEDATA \
  -prdata=COMRAM,nvrram=COMRAM,nvbit=COMRAM,rbss=COMRAM,rbit=COMRAM \
  -pfarbss=FARRAM,fardata=FARRAM,nvFARRAM=FARRAM \
  -pintsave_regs=BIGRAM,bigbss=BIGRAM,bigdata=BIGRAM -pbss=RAM \
  -pidata=CODE,irdata=CODE,ibigdata=CODE,ifardata=CODE \
  C:\Users\ETIQLA~1\AppData\Local\Temp\s30o.obj \
  dist/default/production\Basic_SPI_SDMMC.X.production.obj 

Object code version is 3.11

Machine type is 18F4550

Call graph: (short form)




                Name                               Link     Load   Length Selector   Space Scale
C:\Users\ETIQLA~1\AppData\Local\Temp\s30o.obj
                end_init                              0        0        4        0       0
                idloc                            200000   200000        8   200000       0
                config                           300000   300000        E   300000       0
dist/default/production\Basic_SPI_SDMMC.X.production.obj
                mediumconst                        7ECE     7ECE      132     3F67       0
                text28                             73E2     73E2       10     39F1       0
                text27                             7434     7434       16     3A1A       0
                text26                             73F2     73F2       10     39F9       0
                text25                             7422     7422       12     3A11       0
                text24                             777E     777E       A8     3BBF       0
                text23                             744A     744A       18     3A25       0
                text22                             753A     753A       2E     3A9D       0
                text21                             7402     7402       10     3A01       0
                text20                             747A     747A       1A     3A3D       0
                text19                             74EA     74EA       28     3A75       0
                text18                             7462     7462       18     3A31       0
                text17                             75A2     75A2       3C     3AD1       0
                text16                             73C8     73C8        C     39E4       0
                text15                             7494     7494       1A     3A4A       0
                text14                             7568     7568       3A     3AB4       0
                text13                             7512     7512       28     3A89       0
                text12                             7412     7412       10     3A09       0
                text11                             73D4     73D4        E     39EA       0
                text10                             7B58     7B58      196     3DAC       0
                text9                              7A30     7A30      128     3D18       0
                text8                              790E     790E      122     3C87       0
                text7                              7826     7826       E8     3C13       0
                text6                              7682     7682       78     3B41       0
                text5                              73BE     73BE        A     39DF       0
                text4                              762C     762C       56     3B16       0
                text3                              75DE     75DE       4E     3AEF       0
                text2                              76FA     76FA       84     3B7D       0
                text1                              7CEE     7CEE      1E0     3E77       0
                text0                              74AE     74AE       1E     3A57       0
                cstackCOMRAM                          1        1       16        1       1
                bssBIGRAM                           400      400      400      400       1
                cinit                              74CC     74CC       1E     3A66       0

TOTAL           Name                               Link     Load   Length     Space
        CLASS   STACK          

        CLASS   CODE           
                end_init                              0        0        4         0
                text28                             73E2     73E2       10         0
                text27                             7434     7434       16         0
                text26                             73F2     73F2       10         0
                text25                             7422     7422       12         0
                text24                             777E     777E       A8         0
                text23                             744A     744A       18         0
                text22                             753A     753A       2E         0
                text21                             7402     7402       10         0
                text20                             747A     747A       1A         0
                text19                             74EA     74EA       28         0
                text18                             7462     7462       18         0
                text17                             75A2     75A2       3C         0
                text16                             73C8     73C8        C         0
                text15                             7494     7494       1A         0
                text14                             7568     7568       3A         0
                text13                             7512     7512       28         0
                text12                             7412     7412       10         0
                text11                             73D4     73D4        E         0
                text10                             7B58     7B58      196         0
                text9                              7A30     7A30      128         0
                text8                              790E     790E      122         0
                text7                              7826     7826       E8         0
                text6                              7682     7682       78         0
                text5                              73BE     73BE        A         0
                text4                              762C     762C       56         0
                text3                              75DE     75DE       4E         0
                text2                              76FA     76FA       84         0
                text1                              7CEE     7CEE      1E0         0
                text0                              74AE     74AE       1E         0
                cinit                              74CC     74CC       1E         0

        CLASS   CONST          

        CLASS   SMALLCONST     

        CLASS   MEDIUMCONST    
                mediumconst                        7ECE     7ECE      132         0

        CLASS   COMRAM         
                cstackCOMRAM                          1        1       16         1

        CLASS   ABS1           

        CLASS   BIGRAM         
                bssBIGRAM                           400      400      400         1

        CLASS   RAM            

        CLASS   BANK0          

        CLASS   BANK1          

        CLASS   BANK2          

        CLASS   BANK3          

        CLASS   BANK4          

        CLASS   BANK5          

        CLASS   BANK6          

        CLASS   BANK7          

        CLASS   SFR            

        CLASS   FARRAM         

        CLASS   CONFIG         
                config                           300000   300000        E         0

        CLASS   IDLOC          
                idloc                            200000   200000        8         0

        CLASS   EEDATA         



SEGMENTS        Name                           Load    Length   Top    Selector   Space  Class

                reset_vec                      000000  000004  000004         0       0  CODE    
                cstackCOMRAM                   000001  000016  000017         1       1  COMRAM  
                bssBIGRAM                      000400  000400  000800       400       1  BIGRAM  
                text5                          0073BE  00000A  0073C8      39DF       0  CODE    
                text16                         0073C8  00000C  0073D4      39E4       0  CODE    
                text11                         0073D4  00000E  0073E2      39EA       0  CODE    
                text28                         0073E2  000010  0073F2      39F1       0  CODE    
                text26                         0073F2  000010  007402      39F9       0  CODE    
                text21                         007402  000010  007412      3A01       0  CODE    
                text12                         007412  000010  007422      3A09       0  CODE    
                text25                         007422  000012  007434      3A11       0  CODE    
                text27                         007434  000016  00744A      3A1A       0  CODE    
                text23                         00744A  000018  007462      3A25       0  CODE    
                text18                         007462  000018  00747A      3A31       0  CODE    
                text20                         00747A  00001A  007494      3A3D       0  CODE    
                text15                         007494  00001A  0074AE      3A4A       0  CODE    
                text0                          0074AE  00001E  0074CC      3A57       0  CODE    
                cinit                          0074CC  00001E  0074EA      3A66       0  CODE    
                text19                         0074EA  000028  007512      3A75       0  CODE    
                text13                         007512  000028  00753A      3A89       0  CODE    
                text22                         00753A  00002E  007568      3A9D       0  CODE    
                text14                         007568  00003A  0075A2      3AB4       0  CODE    
                text17                         0075A2  00003C  0075DE      3AD1       0  CODE    
                text3                          0075DE  00004E  00762C      3AEF       0  CODE    
                text4                          00762C  000056  007682      3B16       0  CODE    
                text6                          007682  000078  0076FA      3B41       0  CODE    
                text2                          0076FA  000084  00777E      3B7D       0  CODE    
                text24                         00777E  0000A8  007826      3BBF       0  CODE    
                text7                          007826  0000E8  00790E      3C13       0  CODE    
                text8                          00790E  000122  007A30      3C87       0  CODE    
                text9                          007A30  000128  007B58      3D18       0  CODE    
                text10                         007B58  000196  007CEE      3DAC       0  CODE    
                text1                          007CEE  0001E0  007ECE      3E77       0  CODE    
                mediumconst                    007ECE  000132  008000      3F67       0  MEDIUMCO
                idloc                          200000  000008  200008    200000       0  IDLOC   
                config                         300000  00000E  30000E    300000       0  CONFIG  


UNUSED ADDRESS RANGES

        Name                Unused          Largest block    Delta
        BANK0            000060-0000FF               A0
        BANK1            000100-0001FF              100
        BANK2            000200-0002FF              100
        BANK3            000300-0003FF              100
        BIGRAM           000017-0003FF              3E9
        CODE             000004-0073BD             73BA
        COMRAM           000017-00005F               49
        CONST            000004-0073BD             73BA
        EEDATA           F00000-F000FF              100
        MEDIUMCONST      000800-0073BD             6BBE
        RAM              000060-0003FF              100
        SFR              000F60-000FFF               A0
        SMALLCONST       000800-0073BD              100
        STACK            000060-0003FF              3A0

                                  Symbol Table

?_proceed                     cstackCOMRAM 000003
Command@CRCbits               cstackCOMRAM 000007
Command@arg                   cstackCOMRAM 000003
Command@cmd                   cstackCOMRAM 000008
Delay100TCYx@unit             cstackCOMRAM 000001
Delay10TCYx@unit              cstackCOMRAM 000001
Delay1KTCYx@unit              cstackCOMRAM 000001
Delay_s@i                     cstackCOMRAM 000005
Delay_s@j                     cstackCOMRAM 000006
Delay_s@t                     cstackCOMRAM 000004
File_IO@c                     cstackCOMRAM 000010
OpenSPI@bus_mode              cstackCOMRAM 000001
OpenSPI@smp_phase             cstackCOMRAM 000002
OpenSPI@sync_mode             cstackCOMRAM 000003
ReadSPI__@TempVar             cstackCOMRAM 000001
ReadUART_@bitcount            cstackCOMRAM 000005
ReadUART_@c                   cstackCOMRAM 000006
ReadUART_@d                   cstackCOMRAM 000004
ReadUART_@datauart            cstackCOMRAM 000007
ReadUART_@uartdata            cstackCOMRAM 000008
Soft_Hard_Init@bus_mode       cstackCOMRAM 000007
Soft_Hard_Init@i              cstackCOMRAM 000004
Soft_Hard_Init@smp_phase      cstackCOMRAM 000008
Soft_Hard_Init@sync_mode      cstackCOMRAM 000006
WriteSPI@TempVar              cstackCOMRAM 000001
WriteSPI@data_out             cstackCOMRAM 000002
WriteSPI_@TempVar             cstackCOMRAM 000001
WriteSPI_@data_out            cstackCOMRAM 000002
WriteUART_@bitcount           cstackCOMRAM 000004
WriteUART_@uartdata           cstackCOMRAM 000003
_ADCON1                       (abs)        000FC1
_CMCON                        (abs)        000FB4
_Command                      text22       00753A
_Delay100TCYx                 text28       0073E2
_Delay10TCYx                  text26       0073F2
_Delay1KTCYx                  text21       007402
_DelayRXBitUART_              text27       007434
_DelayRXHalfBitUART_          text25       007422
_DelayTXBitUART_              text15       007494
_Delay_s                      text19       0074EA
_File_IO                      text6        007682
_LATA5                        (abs)        007C4D
_LATB4                        (abs)        007C54
_OpenSPI                      text4        00762C
_OpenUART_                    text5        0073BE
_PIR1bits                     (abs)        000F9E
_PORTDbits                    (abs)        000F83
_RD4                          (abs)        007C1C
_RD5                          (abs)        007C1D
_ReadSPI__                    text12       007412
_ReadUART_                    text24       00777E
_SSPBUF                       (abs)        000FC9
_SSPCON1                      (abs)        000FC6
_SSPCON1bits                  (abs)        000FC6
_SSPSTAT                      (abs)        000FC7
_SSPSTATbits                  (abs)        000FC7
_Soft_Hard_Init               text3        0075DE
_TRISA5                       (abs)        007C95
_TRISAbits                    (abs)        000F92
_TRISB0                       (abs)        007C98
_TRISB1                       (abs)        007C99
_TRISB4                       (abs)        007C9C
_TRISBbits                    (abs)        000F93
_TRISC7                       (abs)        007CA7
_TRISCbits                    (abs)        000F94
_TRISDbits                    (abs)        000F95
_WriteSPI                     text18       007462
_WriteSPI_                    text23       00744A
_WriteUART_                   text14       007568
__CFG_BOR$ON                  (abs)        000000
__CFG_BORV$3                  (abs)        000000
__CFG_CCP2MX$OFF              (abs)        000000
__CFG_CPUDIV$OSC1_PLL2        (abs)        000000
__CFG_FCMEN$OFF               (abs)        000000
__CFG_FOSC$HS                 (abs)        000000
__CFG_IESO$OFF                (abs)        000000
__CFG_LPT1OSC$OFF             (abs)        000000
__CFG_LVP$OFF                 (abs)        000000
__CFG_MCLRE$ON                (abs)        000000
__CFG_PBADEN$OFF              (abs)        000000
__CFG_PLLDIV$5                (abs)        000000
__CFG_PWRT$OFF                (abs)        000000
__CFG_STVREN$ON               (abs)        000000
__CFG_USBDIV$1                (abs)        000000
__CFG_VREGEN$OFF              (abs)        000000
__CFG_WDT$OFF                 (abs)        000000
__HRAM                        (abs)        000000
__Habs1                       abs1         000000
__Hbank0                      bank0        000000
__Hbank1                      bank1        000000
__Hbank2                      bank2        000000
__Hbank3                      bank3        000000
__Hbank4                      bank4        000000
__Hbank5                      bank5        000000
__Hbank6                      bank6        000000
__Hbank7                      bank7        000000
__Hbigbss                     bigbss       000000
__Hbigdata                    bigdata      000000
__Hbigram                     bigram       000000
__Hbss                        bss          000000
__HbssBIGRAM                  bssBIGRAM    000000
__Hcinit                      cinit        000000
__Hclrtext                    clrtext      000000
__Hcomram                     comram       000000
__Hconfig                     config       30000E
__Hconst                      const        000000
__HcstackCOMRAM               cstackCOMRAM 000000
__Hdata                       data         000000
__Heeprom_data                eeprom_data  000000
__Hend_init                   end_init     000004
__Hfarbss                     farbss       000000
__Hfardata                    fardata      000000
__Hibigdata                   ibigdata     000000
__Hidata                      idata        000000
__Hidloc                      idloc        200008
__Hifardata                   ifardata     000000
__Hinit                       init         000000
__Hintcode                    intcode      000000
__Hintcode_body               intcode_body 000000
__Hintcodelo                  intcodelo    000000
__Hintentry                   intentry     000000
__Hintret                     intret       000000
__Hintsave_regs               intsave_regs 000000
__Hirdata                     irdata       000000
__Hmediumconst                mediumconst  008000
__HnvFARRAM                   nvFARRAM     000000
__Hnvbit                      nvbit        000000
__Hnvrram                     nvrram       000000
__Hparam                      rparam       000000
__Hpowerup                    powerup      000000
__Hram                        ram          000000
__Hramtop                     ramtop       000800
__Hrbit                       rbit         000000
__Hrbss                       rbss         000000
__Hrdata                      rdata        000000
__Hreset_vec                  reset_vec    000000
__Hrparam                     rparam       000000
__Hsfr                        sfr          000000
__Hsmallconst                 smallconst   000000
__Hspace_0                    (abs)        30000E
__Hspace_1                    (abs)        000800
__Hspace_2                    (abs)        000000
__Hstack                      stack        000000
__Hstruct                     struct       000000
__Htemp                       temp         000000
__Htext                       text         000000
__Htext0                      text0        000000
__Htext1                      text1        000000
__Htext10                     text10       000000
__Htext11                     text11       000000
__Htext12                     text12       000000
__Htext13                     text13       000000
__Htext14                     text14       000000
__Htext15                     text15       000000
__Htext16                     text16       000000
__Htext17                     text17       000000
__Htext18                     text18       000000
__Htext19                     text19       000000
__Htext2                      text2        000000
__Htext20                     text20       000000
__Htext21                     text21       000000
__Htext22                     text22       000000
__Htext23                     text23       000000
__Htext24                     text24       000000
__Htext25                     text25       000000
__Htext26                     text26       000000
__Htext27                     text27       000000
__Htext28                     text28       000000
__Htext3                      text3        000000
__Htext4                      text4        000000
__Htext5                      text5        000000
__Htext6                      text6        000000
__Htext7                      text7        000000
__Htext8                      text8        000000
__Htext9                      text9        000000
__LRAM                        (abs)        000001
__Labs1                       abs1         000000
__Lbank0                      bank0        000000
__Lbank1                      bank1        000000
__Lbank2                      bank2        000000
__Lbank3                      bank3        000000
__Lbank4                      bank4        000000
__Lbank5                      bank5        000000
__Lbank6                      bank6        000000
__Lbank7                      bank7        000000
__Lbigbss                     bigbss       000000
__Lbigdata                    bigdata      000000
__Lbigram                     bigram       000000
__Lbss                        bss          000000
__LbssBIGRAM                  bssBIGRAM    000000
__Lcinit                      cinit        000000
__Lclrtext                    clrtext      000000
__Lcomram                     comram       000000
__Lconfig                     config       300000
__Lconst                      const        000000
__LcstackCOMRAM               cstackCOMRAM 000000
__Ldata                       data         000000
__Leeprom_data                eeprom_data  000000
__Lend_init                   end_init     000000
__Lfarbss                     farbss       000000
__Lfardata                    fardata      000000
__Libigdata                   ibigdata     000000
__Lidata                      idata        000000
__Lidloc                      idloc        200000
__Lifardata                   ifardata     000000
__Linit                       init         000000
__Lintcode                    intcode      000000
__Lintcode_body               intcode_body 000000
__Lintcodelo                  intcodelo    000000
__Lintentry                   intentry     000000
__Lintret                     intret       000000
__Lintsave_regs               intsave_regs 000000
__Lirdata                     irdata       000000
__Lmediumconst                mediumconst  007ECE
__LnvFARRAM                   nvFARRAM     000000
__Lnvbit                      nvbit        000000
__Lnvrram                     nvrram       000000
__Lparam                      rparam       000000
__Lpowerup                    powerup      000000
__Lram                        ram          000000
__Lramtop                     ramtop       000800
__Lrbit                       rbit         000000
__Lrbss                       rbss         000000
__Lrdata                      rdata        000000
__Lreset_vec                  reset_vec    000000
__Lrparam                     rparam       000000
__Lsfr                        sfr          000000
__Lsmallconst                 smallconst   000000
__Lspace_0                    (abs)        000000
__Lspace_1                    (abs)        000000
__Lspace_2                    (abs)        000000
__Lstack                      stack        000000
__Lstruct                     struct       000000
__Ltemp                       temp         000000
__Ltext                       text         000000
__Ltext0                      text0        000000
__Ltext1                      text1        000000
__Ltext10                     text10       000000
__Ltext11                     text11       000000
__Ltext12                     text12       000000
__Ltext13                     text13       000000
__Ltext14                     text14       000000
__Ltext15                     text15       000000
__Ltext16                     text16       000000
__Ltext17                     text17       000000
__Ltext18                     text18       000000
__Ltext19                     text19       000000
__Ltext2                      text2        000000
__Ltext20                     text20       000000
__Ltext21                     text21       000000
__Ltext22                     text22       000000
__Ltext23                     text23       000000
__Ltext24                     text24       000000
__Ltext25                     text25       000000
__Ltext26                     text26       000000
__Ltext27                     text27       000000
__Ltext28                     text28       000000
__Ltext3                      text3        000000
__Ltext4                      text4        000000
__Ltext5                      text5        000000
__Ltext6                      text6        000000
__Ltext7                      text7        000000
__Ltext8                      text8        000000
__Ltext9                      text9        000000
__S0                          (abs)        30000E
__S1                          (abs)        000800
__S2                          (abs)        000000
___inthi_sp                   stack        000000
___intlo_sp                   stack        000000
___sp                         stack        000000
__accesstop                   (abs)        000060
__activetblptr                (abs)        000002
__end_of_Command              text22       007568
__end_of_Delay100TCYx         text28       0073F2
__end_of_Delay10TCYx          text26       007402
__end_of_Delay1KTCYx          text21       007412
__end_of_DelayRXBitUART_      text27       00744A
__end_of_DelayRXHalfBitUART_  text25       007434
__end_of_DelayTXBitUART_      text15       0074AE
__end_of_Delay_s              text19       007512
__end_of_File_IO              text6        0076FA
__end_of_OpenSPI              text4        007682
__end_of_OpenUART_            text5        0073C8
__end_of_ReadSPI__            text12       007422
__end_of_ReadUART_            text24       007826
__end_of_Soft_Hard_Init       text3        00762C
__end_of_WriteSPI             text18       00747A
__end_of_WriteSPI_            text23       007462
__end_of_WriteUART_           text14       0075A2
__end_of__initialization      cinit        0074E0
__end_of__stringdata          mediumconst  007FFF
__end_of_delay_ms             text20       007494
__end_of_dummy_clocks         text17       0075DE
__end_of_init                 text1        007ECE
__end_of_main                 text0        0074CC
__end_of_multi_read           text10       007CEE
__end_of_multi_write          text9        007B58
__end_of_proceed              text16       0073D4
__end_of_putsUART_            text13       00753A
__end_of_read_block           text8        007A30
__end_of_reset                text2        00777E
__end_of_response             text11       0073E2
__end_of_write_block          text7        00790E
__initialization              cinit        0074CC
__mediumconst                 mediumconst  007ECE
__pbssBIGRAM                  bssBIGRAM    000400
__pcinit                      cinit        0074CC
__pcstackCOMRAM               cstackCOMRAM 000001
__pmediumconst                mediumconst  007ECE
__ptext0                      text0        0074AE
__ptext1                      text1        007CEE
__ptext10                     text10       007B58
__ptext11                     text11       0073D4
__ptext12                     text12       007412
__ptext13                     text13       007512
__ptext14                     text14       007568
__ptext15                     text15       007494
__ptext16                     text16       0073C8
__ptext17                     text17       0075A2
__ptext18                     text18       007462
__ptext19                     text19       0074EA
__ptext2                      text2        0076FA
__ptext20                     text20       00747A
__ptext21                     text21       007402
__ptext22                     text22       00753A
__ptext23                     text23       00744A
__ptext24                     text24       00777E
__ptext25                     text25       007422
__ptext26                     text26       0073F2
__ptext27                     text27       007434
__ptext28                     text28       0073E2
__ptext3                      text3        0075DE
__ptext4                      text4        00762C
__ptext5                      text5        0073BE
__ptext6                      text6        007682
__ptext7                      text7        007826
__ptext8                      text8        00790E
__ptext9                      text9        007A30
__ramtop                      ramtop       000800
__size_of_Command             (abs)        000000
__size_of_Delay100TCYx        (abs)        000000
__size_of_Delay10TCYx         (abs)        000000
__size_of_Delay1KTCYx         (abs)        000000
__size_of_DelayRXBitUART_     (abs)        000000
__size_of_DelayRXHalfBitUART_ (abs)        000000
__size_of_DelayTXBitUART_     (abs)        000000
__size_of_Delay_s             (abs)        000000
__size_of_File_IO             (abs)        000000
__size_of_OpenSPI             (abs)        000000
__size_of_OpenUART_           (abs)        000000
__size_of_ReadSPI__           (abs)        000000
__size_of_ReadUART_           (abs)        000000
__size_of_Soft_Hard_Init      (abs)        000000
__size_of_WriteSPI            (abs)        000000
__size_of_WriteSPI_           (abs)        000000
__size_of_WriteUART_          (abs)        000000
__size_of_delay_ms            (abs)        000000
__size_of_dummy_clocks        (abs)        000000
__size_of_init                (abs)        000000
__size_of_main                (abs)        000000
__size_of_multi_read          (abs)        000000
__size_of_multi_write         (abs)        000000
__size_of_proceed             (abs)        000000
__size_of_putsUART_           (abs)        000000
__size_of_read_block          (abs)        000000
__size_of_reset               (abs)        000000
__size_of_response            (abs)        000000
__size_of_write_block         (abs)        000000
__smallconst                  smallconst   000000
__stringdata                  mediumconst  007ECF
_ctr                          bssBIGRAM    000400
_delay_ms                     text20       00747A
_dummy_clocks                 text17       0075A2
_init                         text1        007CEE
_main                         text0        0074AE
_multi_read                   text10       007B58
_multi_write                  text9        007A30
_proceed                      text16       0073C8
_putsUART_                    text13       007512
_read_block                   text8        00790E
_reset                        text2        0076FA
_response                     text11       0073D4
_str                          bssBIGRAM    000600
_write_block                  text7        007826
delay_ms@i                    cstackCOMRAM 000003
delay_ms@t                    cstackCOMRAM 000002
dummy_clocks@i                cstackCOMRAM 000007
dummy_clocks@n                cstackCOMRAM 000004
end_of_initialization         cinit        0074E0
init@buff                     cstackCOMRAM 000016
init@count                    cstackCOMRAM 000012
init@count1                   cstackCOMRAM 000010
init@count2                   cstackCOMRAM 000014
init@i                        cstackCOMRAM 00000E
intlevel0                     text         000000
intlevel1                     text         000000
intlevel2                     text         000000
intlevel3                     text         000000
multi_read@buff               cstackCOMRAM 00000C
multi_read@count              cstackCOMRAM 00000A
multi_read@length             cstackCOMRAM 00000D
multi_read@ptr                cstackCOMRAM 000009
multi_write@buff              cstackCOMRAM 00000E
multi_write@data              cstackCOMRAM 00000B
multi_write@i                 cstackCOMRAM 000009
multi_write@j                 cstackCOMRAM 00000C
putsUART_@data                cstackCOMRAM 000005
read_block@buff               cstackCOMRAM 00000D
read_block@count              cstackCOMRAM 000009
read_block@i                  cstackCOMRAM 00000B
read_block@length             cstackCOMRAM 00000E
reset@buff                    cstackCOMRAM 00000D
reset@count                   cstackCOMRAM 00000B
reset@i                       cstackCOMRAM 000009
response@buff                 cstackCOMRAM 000002
stackhi                       (abs)        0003FF
stacklo                       (abs)        000060
start                         init         000000
start_initialization          cinit        0074CC
write_block@buff              cstackCOMRAM 00000B
write_block@i                 cstackCOMRAM 000009


FUNCTION INFORMATION:

 *************** function _main *****************
 Defined at:
		line 55 in file "main.c"
 Parameters:    Size  Location     Type
		None
 Auto vars:     Size  Location     Type
		None
 Return value:  Size  Location     Type
		None               void
 Registers used:
		wreg, fsr2l, fsr2h, status,2, status,0, tblptrl, tblptrh, tblptru, cstack
 Tracked objects:
		On entry : 
		On exit  : 
		Unchanged: 
 Data sizes:     COMRAM   BANK0   BANK1   BANK2   BANK3   BANK4   BANK5   BANK6   BANK7
      Params:         0       0       0       0       0       0       0       0       0
      Locals:         0       0       0       0       0       0       0       0       0
      Temps:          0       0       0       0       0       0       0       0       0
      Totals:         0       0       0       0       0       0       0       0       0
Total ram usage:        0 bytes
 Hardware stack levels required when called:    6
 This function calls:
		_File_IO
		_OpenUART_
		_Soft_Hard_Init
		_init
		_putsUART_
 This function is called by:
		Startup code after reset
 This function uses a non-reentrant model


 *************** function _init *****************
 Defined at:
		line 66 in file "initialization.c"
 Parameters:    Size  Location     Type
		None
 Auto vars:     Size  Location     Type
  count2          2   19[COMRAM] int 
  count           2   17[COMRAM] int 
  count1          2   15[COMRAM] int 
  i               2   13[COMRAM] int 
  buff            1   21[COMRAM] unsigned char 
 Return value:  Size  Location     Type
                  2   18[COMRAM] int 
 Registers used:
		wreg, status,2, status,0, tblptrl, tblptrh, tblptru, cstack
 Tracked objects:
		On entry : 
		On exit  : 
		Unchanged: 
 Data sizes:     COMRAM   BANK0   BANK1   BANK2   BANK3   BANK4   BANK5   BANK6   BANK7
      Params:         0       0       0       0       0       0       0       0       0
      Locals:         9       0       0       0       0       0       0       0       0
      Temps:          0       0       0       0       0       0       0       0       0
      Totals:         9       0       0       0       0       0       0       0       0
Total ram usage:        9 bytes
 Hardware stack levels used:    1
 Hardware stack levels required when called:    5
 This function calls:
		_Command
		_Delay_s
		_delay_ms
		_dummy_clocks
		_proceed
		_putsUART_
		_reset
		_response
 This function is called by:
		_main
 This function uses a non-reentrant model


 *************** function _reset *****************
 Defined at:
		line 46 in file "initialization.c"
 Parameters:    Size  Location     Type
		None
 Auto vars:     Size  Location     Type
  count           2   10[COMRAM] int 
  i               2    8[COMRAM] int 
  buff            1   12[COMRAM] unsigned char 
 Return value:  Size  Location     Type
		None               void
 Registers used:
		wreg, status,2, status,0, tblptrl, tblptrh, tblptru, cstack
 Tracked objects:
		On entry : 
		On exit  : 
		Unchanged: 
 Data sizes:     COMRAM   BANK0   BANK1   BANK2   BANK3   BANK4   BANK5   BANK6   BANK7
      Params:         0       0       0       0       0       0       0       0       0
      Locals:         5       0       0       0       0       0       0       0       0
      Temps:          0       0       0       0       0       0       0       0       0
      Totals:         5       0       0       0       0       0       0       0       0
Total ram usage:        5 bytes
 Hardware stack levels used:    1
 Hardware stack levels required when called:    4
 This function calls:
		_Command
		_Delay_s
		_dummy_clocks
		_proceed
		_putsUART_
		_response
 This function is called by:
		_init
 This function uses a non-reentrant model


 *************** function _Soft_Hard_Init *****************
 Defined at:
		line 16 in file "initialization.c"
 Parameters:    Size  Location     Type
		None
 Auto vars:     Size  Location     Type
  i               2    3[COMRAM] int 
  smp_phase       1    7[COMRAM] unsigned char 
  bus_mode        1    6[COMRAM] unsigned char 
  sync_mode       1    5[COMRAM] unsigned char 
 Return value:  Size  Location     Type
                  2   14[COMRAM] int 
 Registers used:
		wreg, status,2, status,0, cstack
 Tracked objects:
		On entry : 
		On exit  : 
		Unchanged: 
 Data sizes:     COMRAM   BANK0   BANK1   BANK2   BANK3   BANK4   BANK5   BANK6   BANK7
      Params:         0       0       0       0       0       0       0       0       0
      Locals:         5       0       0       0       0       0       0       0       0
      Temps:          0       0       0       0       0       0       0       0       0
      Totals:         5       0       0       0       0       0       0       0       0
Total ram usage:        5 bytes
 Hardware stack levels used:    1
 Hardware stack levels required when called:    1
 This function calls:
		_OpenSPI
 This function is called by:
		_main
 This function uses a non-reentrant model


 *************** function _OpenSPI *****************
 Defined at:
		line 14 in file "C:\Program Files (x86)\Microchip\xc8\v1.33\sources\pic18\plib\SPI\spi_open.c"
 Parameters:    Size  Location     Type
  sync_mode       1    wreg     unsigned char 
  bus_mode        1    0[COMRAM] unsigned char 
  smp_phase       1    1[COMRAM] unsigned char 
 Auto vars:     Size  Location     Type
  sync_mode       1    2[COMRAM] unsigned char 
 Return value:  Size  Location     Type
		None               void
 Registers used:
		wreg, status,2, status,0
 Tracked objects:
		On entry : 
		On exit  : 
		Unchanged: 
 Data sizes:     COMRAM   BANK0   BANK1   BANK2   BANK3   BANK4   BANK5   BANK6   BANK7
      Params:         2       0       0       0       0       0       0       0       0
      Locals:         1       0       0       0       0       0       0       0       0
      Temps:          0       0       0       0       0       0       0       0       0
      Totals:         3       0       0       0       0       0       0       0       0
Total ram usage:        3 bytes
 Hardware stack levels used:    1
 This function calls:
		Nothing
 This function is called by:
		_Soft_Hard_Init
 This function uses a non-reentrant model


 *************** function _OpenUART_ *****************
 Defined at:
		line 20 in file "my_openuart.c"
 Parameters:    Size  Location     Type
		None
 Auto vars:     Size  Location     Type
		None
 Return value:  Size  Location     Type
		None               void
 Registers used:
		None
 Tracked objects:
		On entry : 
		On exit  : 
		Unchanged: 
 Data sizes:     COMRAM   BANK0   BANK1   BANK2   BANK3   BANK4   BANK5   BANK6   BANK7
      Params:         0       0       0       0       0       0       0       0       0
      Locals:         0       0       0       0       0       0       0       0       0
      Temps:          0       0       0       0       0       0       0       0       0
      Totals:         0       0       0       0       0       0       0       0       0
Total ram usage:        0 bytes
 Hardware stack levels used:    1
 This function calls:
		Nothing
 This function is called by:
		_main
 This function uses a non-reentrant model


 *************** function _File_IO *****************
 Defined at:
		line 26 in file "main.c"
 Parameters:    Size  Location     Type
		None
 Auto vars:     Size  Location     Type
  c               1   15[COMRAM] unsigned char 
 Return value:  Size  Location     Type
		None               void
 Registers used:
		wreg, fsr2l, fsr2h, status,2, status,0, tblptrl, tblptrh, tblptru, cstack
 Tracked objects:
		On entry : 
		On exit  : 
		Unchanged: 
 Data sizes:     COMRAM   BANK0   BANK1   BANK2   BANK3   BANK4   BANK5   BANK6   BANK7
      Params:         0       0       0       0       0       0       0       0       0
      Locals:         1       0       0       0       0       0       0       0       0
      Temps:          0       0       0       0       0       0       0       0       0
      Totals:         1       0       0       0       0       0       0       0       0
Total ram usage:        1 bytes
 Hardware stack levels used:    1
 Hardware stack levels required when called:    5
 This function calls:
		_ReadUART_
		_multi_read
		_multi_write
		_putsUART_
		_read_block
		_write_block
 This function is called by:
		_main
 This function uses a non-reentrant model


 *************** function _write_block *****************
 Defined at:
		line 18 in file "raw_io.c"
 Parameters:    Size  Location     Type
		None
 Auto vars:     Size  Location     Type
  i               2    8[COMRAM] int 
  buff            1   10[COMRAM] unsigned char 
 Return value:  Size  Location     Type
                  2    6[COMRAM] int 
 Registers used:
		wreg, status,2, status,0, tblptrl, tblptrh, tblptru, cstack
 Tracked objects:
		On entry : 
		On exit  : 
		Unchanged: 
 Data sizes:     COMRAM   BANK0   BANK1   BANK2   BANK3   BANK4   BANK5   BANK6   BANK7
      Params:         0       0       0       0       0       0       0       0       0
      Locals:         3       0       0       0       0       0       0       0       0
      Temps:          0       0       0       0       0       0       0       0       0
      Totals:         3       0       0       0       0       0       0       0       0
Total ram usage:        3 bytes
 Hardware stack levels used:    1
 Hardware stack levels required when called:    4
 This function calls:
		_Command
		_Delay_s
		_WriteSPI_
		_dummy_clocks
		_proceed
		_putsUART_
		_response
 This function is called by:
		_File_IO
 This function uses a non-reentrant model


 *************** function _read_block *****************
 Defined at:
		line 179 in file "raw_io.c"
 Parameters:    Size  Location     Type
		None
 Auto vars:     Size  Location     Type
  length          2   13[COMRAM] int 
  i               2   10[COMRAM] int 
  count           2    8[COMRAM] int 
  buff            1   12[COMRAM] unsigned char 
  readdata        1    0        unsigned char 
 Return value:  Size  Location     Type
                  2    8[COMRAM] int 
 Registers used:
		wreg, fsr2l, fsr2h, status,2, status,0, tblptrl, tblptrh, tblptru, cstack
 Tracked objects:
		On entry : 
		On exit  : 
		Unchanged: 
 Data sizes:     COMRAM   BANK0   BANK1   BANK2   BANK3   BANK4   BANK5   BANK6   BANK7
      Params:         0       0       0       0       0       0       0       0       0
      Locals:         7       0       0       0       0       0       0       0       0
      Temps:          0       0       0       0       0       0       0       0       0
      Totals:         7       0       0       0       0       0       0       0       0
Total ram usage:        7 bytes
 Hardware stack levels used:    1
 Hardware stack levels required when called:    4
 This function calls:
		_Command
		_Delay_s
		_WriteUART_
		_dummy_clocks
		_proceed
		_putsUART_
		_response
 This function is called by:
		_File_IO
 This function uses a non-reentrant model


 *************** function _multi_write *****************
 Defined at:
		line 59 in file "raw_io.c"
 Parameters:    Size  Location     Type
		None
 Auto vars:     Size  Location     Type
  j               2   11[COMRAM] int 
  i               2    8[COMRAM] int 
  buff            1   13[COMRAM] unsigned char 
  data            1   10[COMRAM] unsigned char 
 Return value:  Size  Location     Type
                  2   10[COMRAM] int 
 Registers used:
		wreg, status,2, status,0, tblptrl, tblptrh, tblptru, cstack
 Tracked objects:
		On entry : 
		On exit  : 
		Unchanged: 
 Data sizes:     COMRAM   BANK0   BANK1   BANK2   BANK3   BANK4   BANK5   BANK6   BANK7
      Params:         0       0       0       0       0       0       0       0       0
      Locals:         6       0       0       0       0       0       0       0       0
      Temps:          0       0       0       0       0       0       0       0       0
      Totals:         6       0       0       0       0       0       0       0       0
Total ram usage:        6 bytes
 Hardware stack levels used:    1
 Hardware stack levels required when called:    4
 This function calls:
		_Command
		_Delay_s
		_WriteSPI_
		_dummy_clocks
		_proceed
		_putsUART_
		_response
 This function is called by:
		_File_IO
 This function uses a non-reentrant model


 *************** function _multi_read *****************
 Defined at:
		line 108 in file "raw_io.c"
 Parameters:    Size  Location     Type
		None
 Auto vars:     Size  Location     Type
  start_add       4    0        unsigned long 
  length          2   12[COMRAM] int 
  count           2    9[COMRAM] int 
  buff            1   11[COMRAM] unsigned char 
  ptr             1    8[COMRAM] unsigned char 
 Return value:  Size  Location     Type
                  2   12[COMRAM] int 
 Registers used:
		wreg, fsr2l, fsr2h, status,2, status,0, tblptrl, tblptrh, tblptru, cstack
 Tracked objects:
		On entry : 
		On exit  : 
		Unchanged: 
 Data sizes:     COMRAM   BANK0   BANK1   BANK2   BANK3   BANK4   BANK5   BANK6   BANK7
      Params:         0       0       0       0       0       0       0       0       0
      Locals:         6       0       0       0       0       0       0       0       0
      Temps:          0       0       0       0       0       0       0       0       0
      Totals:         6       0       0       0       0       0       0       0       0
Total ram usage:        6 bytes
 Hardware stack levels used:    1
 Hardware stack levels required when called:    4
 This function calls:
		_Command
		_Delay_s
		_WriteUART_
		_dummy_clocks
		_proceed
		_putsUART_
		_response
 This function is called by:
		_File_IO
 This function uses a non-reentrant model


 *************** function _response *****************
 Defined at:
		line 57 in file "transceiver.c"
 Parameters:    Size  Location     Type
		None
 Auto vars:     Size  Location     Type
  buff            1    1[COMRAM] unsigned char 
 Return value:  Size  Location     Type
                  1    wreg      unsigned char 
 Registers used:
		wreg, status,2, cstack
 Tracked objects:
		On entry : 
		On exit  : 
		Unchanged: 
 Data sizes:     COMRAM   BANK0   BANK1   BANK2   BANK3   BANK4   BANK5   BANK6   BANK7
      Params:         0       0       0       0       0       0       0       0       0
      Locals:         1       0       0       0       0       0       0       0       0
      Temps:          0       0       0       0       0       0       0       0       0
      Totals:         1       0       0       0       0       0       0       0       0
Total ram usage:        1 bytes
 Hardware stack levels used:    1
 Hardware stack levels required when called:    1
 This function calls:
		_ReadSPI__
 This function is called by:
		_write_block
		_multi_write
		_multi_read
		_read_block
		_reset
		_init
 This function uses a non-reentrant model


 *************** function _ReadSPI__ *****************
 Defined at:
		line 13 in file "transceiver.c"
 Parameters:    Size  Location     Type
		None
 Auto vars:     Size  Location     Type
  TempVar         1    0[COMRAM] unsigned char 
 Return value:  Size  Location     Type
                  1    wreg      unsigned char 
 Registers used:
		wreg, status,2
 Tracked objects:
		On entry : 
		On exit  : 
		Unchanged: 
 Data sizes:     COMRAM   BANK0   BANK1   BANK2   BANK3   BANK4   BANK5   BANK6   BANK7
      Params:         0       0       0       0       0       0       0       0       0
      Locals:         1       0       0       0       0       0       0       0       0
      Temps:          0       0       0       0       0       0       0       0       0
      Totals:         1       0       0       0       0       0       0       0       0
Total ram usage:        1 bytes
 Hardware stack levels used:    1
 This function calls:
		Nothing
 This function is called by:
		_response
 This function uses a non-reentrant model


 *************** function _putsUART_ *****************
 Defined at:
		line 71 in file "my_sw_uart.c"
 Parameters:    Size  Location     Type
  data            2    4[COMRAM] PTR unsigned char 
		 -> STR_15(16), STR_14(11), STR_13(10), STR_12(3), 
		 -> STR_11(21), STR_10(18), STR_9(22), STR_8(3), 
		 -> STR_7(19), STR_6(17), STR_5(17), STR_4(15), 
		 -> STR_3(15), STR_2(19), STR_1(101), 
 Auto vars:     Size  Location     Type
		None
 Return value:  Size  Location     Type
		None               void
 Registers used:
		wreg, status,2, status,0, tblptrl, tblptrh, tblptru, cstack
 Tracked objects:
		On entry : 
		On exit  : 
		Unchanged: 
 Data sizes:     COMRAM   BANK0   BANK1   BANK2   BANK3   BANK4   BANK5   BANK6   BANK7
      Params:         2       0       0       0       0       0       0       0       0
      Locals:         0       0       0       0       0       0       0       0       0
      Temps:          0       0       0       0       0       0       0       0       0
      Totals:         2       0       0       0       0       0       0       0       0
Total ram usage:        2 bytes
 Hardware stack levels used:    1
 Hardware stack levels required when called:    3
 This function calls:
		_WriteUART_
 This function is called by:
		_File_IO
		_main
		_write_block
		_multi_write
		_multi_read
		_read_block
		_reset
		_init
 This function uses a non-reentrant model


 *************** function _WriteUART_ *****************
 Defined at:
		line 51 in file "my_sw_uart.c"
 Parameters:    Size  Location     Type
  uartdata        1    wreg     unsigned char 
 Auto vars:     Size  Location     Type
  uartdata        1    2[COMRAM] unsigned char 
  bitcount        1    3[COMRAM] unsigned char 
 Return value:  Size  Location     Type
		None               void
 Registers used:
		wreg, status,2, status,0, cstack
 Tracked objects:
		On entry : 
		On exit  : 
		Unchanged: 
 Data sizes:     COMRAM   BANK0   BANK1   BANK2   BANK3   BANK4   BANK5   BANK6   BANK7
      Params:         0       0       0       0       0       0       0       0       0
      Locals:         2       0       0       0       0       0       0       0       0
      Temps:          1       0       0       0       0       0       0       0       0
      Totals:         3       0       0       0       0       0       0       0       0
Total ram usage:        3 bytes
 Hardware stack levels used:    1
 Hardware stack levels required when called:    2
 This function calls:
		_DelayTXBitUART_
 This function is called by:
		_putsUART_
		_multi_read
		_read_block
 This function uses a non-reentrant model


 *************** function _DelayTXBitUART_ *****************
 Defined at:
		line 29 in file "my_sw_uart.c"
 Parameters:    Size  Location     Type
		None
 Auto vars:     Size  Location     Type
		None
 Return value:  Size  Location     Type
		None               void
 Registers used:
		wreg, cstack
 Tracked objects:
		On entry : 
		On exit  : 
		Unchanged: 
 Data sizes:     COMRAM   BANK0   BANK1   BANK2   BANK3   BANK4   BANK5   BANK6   BANK7
      Params:         0       0       0       0       0       0       0       0       0
      Locals:         0       0       0       0       0       0       0       0       0
      Temps:          0       0       0       0       0       0       0       0       0
      Totals:         0       0       0       0       0       0       0       0       0
Total ram usage:        0 bytes
 Hardware stack levels used:    1
 Hardware stack levels required when called:    1
 This function calls:
		_Delay100TCYx
 This function is called by:
		_WriteUART_
 This function uses a non-reentrant model


 *************** function _proceed *****************
 Defined at:
		line 25 in file "clocks.c"
 Parameters:    Size  Location     Type
		None
 Auto vars:     Size  Location     Type
		None
 Return value:  Size  Location     Type
		None               void
 Registers used:
		wreg, cstack
 Tracked objects:
		On entry : 
		On exit  : 
		Unchanged: 
 Data sizes:     COMRAM   BANK0   BANK1   BANK2   BANK3   BANK4   BANK5   BANK6   BANK7
      Params:         2       0       0       0       0       0       0       0       0
      Locals:         0       0       0       0       0       0       0       0       0
      Temps:          0       0       0       0       0       0       0       0       0
      Totals:         2       0       0       0       0       0       0       0       0
Total ram usage:        2 bytes
 Hardware stack levels used:    1
 Hardware stack levels required when called:    1
 This function calls:
		_WriteSPI
 This function is called by:
		_write_block
		_multi_write
		_multi_read
		_read_block
		_reset
		_init
 This function uses a non-reentrant model


 *************** function _dummy_clocks *****************
 Defined at:
		line 13 in file "clocks.c"
 Parameters:    Size  Location     Type
  n               2    3[COMRAM] int 
 Auto vars:     Size  Location     Type
  i               2    6[COMRAM] int 
 Return value:  Size  Location     Type
		None               void
 Registers used:
		wreg, status,2, status,0, cstack
 Tracked objects:
		On entry : 
		On exit  : 
		Unchanged: 
 Data sizes:     COMRAM   BANK0   BANK1   BANK2   BANK3   BANK4   BANK5   BANK6   BANK7
      Params:         2       0       0       0       0       0       0       0       0
      Locals:         2       0       0       0       0       0       0       0       0
      Temps:          1       0       0       0       0       0       0       0       0
      Totals:         5       0       0       0       0       0       0       0       0
Total ram usage:        5 bytes
 Hardware stack levels used:    1
 Hardware stack levels required when called:    2
 This function calls:
		_WriteSPI
		_delay_ms
 This function is called by:
		_write_block
		_multi_write
		_multi_read
		_read_block
		_reset
		_init
 This function uses a non-reentrant model


 *************** function _WriteSPI *****************
 Defined at:
		line 13 in file "C:\Program Files (x86)\Microchip\xc8\v1.33\sources\pic18\plib\SPI\spi_writ.c"
 Parameters:    Size  Location     Type
  data_out        1    wreg     unsigned char 
 Auto vars:     Size  Location     Type
  data_out        1    1[COMRAM] unsigned char 
  TempVar         1    0[COMRAM] unsigned char 
 Return value:  Size  Location     Type
                  1    wreg      char 
 Registers used:
		wreg
 Tracked objects:
		On entry : 
		On exit  : 
		Unchanged: 
 Data sizes:     COMRAM   BANK0   BANK1   BANK2   BANK3   BANK4   BANK5   BANK6   BANK7
      Params:         0       0       0       0       0       0       0       0       0
      Locals:         2       0       0       0       0       0       0       0       0
      Temps:          0       0       0       0       0       0       0       0       0
      Totals:         2       0       0       0       0       0       0       0       0
Total ram usage:        2 bytes
 Hardware stack levels used:    1
 This function calls:
		Nothing
 This function is called by:
		_dummy_clocks
		_proceed
 This function uses a non-reentrant model


 *************** function _Delay_s *****************
 Defined at:
		line 44 in file "delay.c"
 Parameters:    Size  Location     Type
  t               1    wreg     unsigned char 
 Auto vars:     Size  Location     Type
  t               1    3[COMRAM] unsigned char 
  j               1    5[COMRAM] unsigned char 
  i               1    4[COMRAM] unsigned char 
 Return value:  Size  Location     Type
		None               void
 Registers used:
		wreg, status,2, status,0, cstack
 Tracked objects:
		On entry : 
		On exit  : 
		Unchanged: 
 Data sizes:     COMRAM   BANK0   BANK1   BANK2   BANK3   BANK4   BANK5   BANK6   BANK7
      Params:         0       0       0       0       0       0       0       0       0
      Locals:         3       0       0       0       0       0       0       0       0
      Temps:          0       0       0       0       0       0       0       0       0
      Totals:         3       0       0       0       0       0       0       0       0
Total ram usage:        3 bytes
 Hardware stack levels used:    1
 Hardware stack levels required when called:    2
 This function calls:
		_delay_ms
 This function is called by:
		_write_block
		_multi_write
		_multi_read
		_read_block
		_reset
		_init
 This function uses a non-reentrant model


 *************** function _delay_ms *****************
 Defined at:
		line 33 in file "delay.c"
 Parameters:    Size  Location     Type
  t               1    wreg     unsigned char 
 Auto vars:     Size  Location     Type
  t               1    1[COMRAM] unsigned char 
  i               1    2[COMRAM] unsigned char 
 Return value:  Size  Location     Type
		None               void
 Registers used:
		wreg, status,2, status,0, cstack
 Tracked objects:
		On entry : 
		On exit  : 
		Unchanged: 
 Data sizes:     COMRAM   BANK0   BANK1   BANK2   BANK3   BANK4   BANK5   BANK6   BANK7
      Params:         0       0       0       0       0       0       0       0       0
      Locals:         2       0       0       0       0       0       0       0       0
      Temps:          0       0       0       0       0       0       0       0       0
      Totals:         2       0       0       0       0       0       0       0       0
Total ram usage:        2 bytes
 Hardware stack levels used:    1
 Hardware stack levels required when called:    1
 This function calls:
		_Delay1KTCYx
 This function is called by:
		_Delay_s
		_init
		_dummy_clocks
 This function uses a non-reentrant model


 *************** function _Delay1KTCYx *****************
 Defined at:
		line 8 in file "C:\Program Files (x86)\Microchip\xc8\v1.33\sources\pic18\d1ktcyx.c"
 Parameters:    Size  Location     Type
  unit            1    wreg     unsigned char 
 Auto vars:     Size  Location     Type
  unit            1    0[COMRAM] unsigned char 
 Return value:  Size  Location     Type
		None               void
 Registers used:
		wreg
 Tracked objects:
		On entry : 
		On exit  : 
		Unchanged: 
 Data sizes:     COMRAM   BANK0   BANK1   BANK2   BANK3   BANK4   BANK5   BANK6   BANK7
      Params:         0       0       0       0       0       0       0       0       0
      Locals:         1       0       0       0       0       0       0       0       0
      Temps:          0       0       0       0       0       0       0       0       0
      Totals:         1       0       0       0       0       0       0       0       0
Total ram usage:        1 bytes
 Hardware stack levels used:    1
 This function calls:
		Nothing
 This function is called by:
		_delay_ms
		_DelayPORXLCD
		_DelayXLCD
 This function uses a non-reentrant model


 *************** function _Command *****************
 Defined at:
		line 44 in file "transceiver.c"
 Parameters:    Size  Location     Type
  cmd             1    wreg     unsigned char 
  arg             4    2[COMRAM] unsigned long 
  CRCbits         1    6[COMRAM] unsigned char 
 Auto vars:     Size  Location     Type
  cmd             1    7[COMRAM] unsigned char 
  temp            1    0        unsigned char 
 Return value:  Size  Location     Type
		None               void
 Registers used:
		wreg, status,2, cstack
 Tracked objects:
		On entry : 
		On exit  : 
		Unchanged: 
 Data sizes:     COMRAM   BANK0   BANK1   BANK2   BANK3   BANK4   BANK5   BANK6   BANK7
      Params:         5       0       0       0       0       0       0       0       0
      Locals:         1       0       0       0       0       0       0       0       0
      Temps:          0       0       0       0       0       0       0       0       0
      Totals:         6       0       0       0       0       0       0       0       0
Total ram usage:        6 bytes
 Hardware stack levels used:    1
 Hardware stack levels required when called:    1
 This function calls:
		_WriteSPI_
 This function is called by:
		_write_block
		_multi_write
		_multi_read
		_read_block
		_reset
		_init
 This function uses a non-reentrant model


 *************** function _WriteSPI_ *****************
 Defined at:
		line 24 in file "transceiver.c"
 Parameters:    Size  Location     Type
  data_out        1    wreg     unsigned char 
 Auto vars:     Size  Location     Type
  data_out        1    1[COMRAM] unsigned char 
  TempVar         1    0[COMRAM] unsigned char 
 Return value:  Size  Location     Type
                  1    wreg      char 
 Registers used:
		wreg
 Tracked objects:
		On entry : 
		On exit  : 
		Unchanged: 
 Data sizes:     COMRAM   BANK0   BANK1   BANK2   BANK3   BANK4   BANK5   BANK6   BANK7
      Params:         0       0       0       0       0       0       0       0       0
      Locals:         2       0       0       0       0       0       0       0       0
      Temps:          0       0       0       0       0       0       0       0       0
      Totals:         2       0       0       0       0       0       0       0       0
Total ram usage:        2 bytes
 Hardware stack levels used:    1
 This function calls:
		Nothing
 This function is called by:
		_write_block
		_multi_write
		_Command
 This function uses a non-reentrant model


 *************** function _ReadUART_ *****************
 Defined at:
		line 101 in file "my_sw_uart.c"
 Parameters:    Size  Location     Type
		None
 Auto vars:     Size  Location     Type
  i               2    0        int 
  uartdata        1    7[COMRAM] unsigned char 
  datauart        1    6[COMRAM] unsigned char 
  c               1    5[COMRAM] unsigned char 
  bitcount        1    4[COMRAM] unsigned char 
  d               1    3[COMRAM] unsigned char 
 Return value:  Size  Location     Type
                  1    wreg      unsigned char 
 Registers used:
		wreg, status,2, status,0, cstack
 Tracked objects:
		On entry : 
		On exit  : 
		Unchanged: 
 Data sizes:     COMRAM   BANK0   BANK1   BANK2   BANK3   BANK4   BANK5   BANK6   BANK7
      Params:         0       0       0       0       0       0       0       0       0
      Locals:         5       0       0       0       0       0       0       0       0
      Temps:          2       0       0       0       0       0       0       0       0
      Totals:         7       0       0       0       0       0       0       0       0
Total ram usage:        7 bytes
 Hardware stack levels used:    1
 Hardware stack levels required when called:    2
 This function calls:
		_DelayRXBitUART_
		_DelayRXHalfBitUART_
 This function is called by:
		_File_IO
		_getsUART_
 This function uses a non-reentrant model


 *************** function _DelayRXHalfBitUART_ *****************
 Defined at:
		line 12 in file "my_sw_uart.c"
 Parameters:    Size  Location     Type
		None
 Auto vars:     Size  Location     Type
		None
 Return value:  Size  Location     Type
		None               void
 Registers used:
		wreg, cstack
 Tracked objects:
		On entry : 
		On exit  : 
		Unchanged: 
 Data sizes:     COMRAM   BANK0   BANK1   BANK2   BANK3   BANK4   BANK5   BANK6   BANK7
      Params:         0       0       0       0       0       0       0       0       0
      Locals:         0       0       0       0       0       0       0       0       0
      Temps:          0       0       0       0       0       0       0       0       0
      Totals:         0       0       0       0       0       0       0       0       0
Total ram usage:        0 bytes
 Hardware stack levels used:    1
 Hardware stack levels required when called:    1
 This function calls:
		_Delay100TCYx
		_Delay10TCYx
 This function is called by:
		_ReadUART_
 This function uses a non-reentrant model


 *************** function _Delay10TCYx *****************
 Defined at:
		line 8 in file "C:\Program Files (x86)\Microchip\xc8\v1.33\sources\pic18\d10tcyx.c"
 Parameters:    Size  Location     Type
  unit            1    wreg     unsigned char 
 Auto vars:     Size  Location     Type
  unit            1    0[COMRAM] unsigned char 
 Return value:  Size  Location     Type
		None               void
 Registers used:
		wreg
 Tracked objects:
		On entry : 
		On exit  : 
		Unchanged: 
 Data sizes:     COMRAM   BANK0   BANK1   BANK2   BANK3   BANK4   BANK5   BANK6   BANK7
      Params:         0       0       0       0       0       0       0       0       0
      Locals:         1       0       0       0       0       0       0       0       0
      Temps:          0       0       0       0       0       0       0       0       0
      Totals:         1       0       0       0       0       0       0       0       0
Total ram usage:        1 bytes
 Hardware stack levels used:    1
 This function calls:
		Nothing
 This function is called by:
		_DelayRXHalfBitUART_
		_DelayFor18TCY
 This function uses a non-reentrant model


 *************** function _DelayRXBitUART_ *****************
 Defined at:
		line 20 in file "my_sw_uart.c"
 Parameters:    Size  Location     Type
		None
 Auto vars:     Size  Location     Type
		None
 Return value:  Size  Location     Type
		None               void
 Registers used:
		wreg, cstack
 Tracked objects:
		On entry : 
		On exit  : 
		Unchanged: 
 Data sizes:     COMRAM   BANK0   BANK1   BANK2   BANK3   BANK4   BANK5   BANK6   BANK7
      Params:         0       0       0       0       0       0       0       0       0
      Locals:         0       0       0       0       0       0       0       0       0
      Temps:          0       0       0       0       0       0       0       0       0
      Totals:         0       0       0       0       0       0       0       0       0
Total ram usage:        0 bytes
 Hardware stack levels used:    1
 Hardware stack levels required when called:    1
 This function calls:
		_Delay100TCYx
 This function is called by:
		_ReadUART_
 This function uses a non-reentrant model


 *************** function _Delay100TCYx *****************
 Defined at:
		line 8 in file "C:\Program Files (x86)\Microchip\xc8\v1.33\sources\pic18\d100tcyx.c"
 Parameters:    Size  Location     Type
  unit            1    wreg     unsigned char 
 Auto vars:     Size  Location     Type
  unit            1    0[COMRAM] unsigned char 
 Return value:  Size  Location     Type
		None               void
 Registers used:
		wreg
 Tracked objects:
		On entry : 
		On exit  : 
		Unchanged: 
 Data sizes:     COMRAM   BANK0   BANK1   BANK2   BANK3   BANK4   BANK5   BANK6   BANK7
      Params:         0       0       0       0       0       0       0       0       0
      Locals:         1       0       0       0       0       0       0       0       0
      Temps:          0       0       0       0       0       0       0       0       0
      Totals:         1       0       0       0       0       0       0       0       0
Total ram usage:        1 bytes
 Hardware stack levels used:    1
 This function calls:
		Nothing
 This function is called by:
		_DelayRXHalfBitUART_
		_DelayRXBitUART_
		_DelayTXBitUART_
 This function uses a non-reentrant model



MODULE INFORMATION

Module		Function		Class		Link	Load	Size
raw_io.c
		_multi_write   		CODE           	7A30	0000	296
		_multi_read    		CODE           	7B58	0000	406
		_read_block    		CODE           	790E	0000	290
		_write_block   		CODE           	7826	0000	232

raw_io.c estimated size: 1224

delay.c
		_Delay_s       		CODE           	74EA	0000	40
		_delay_ms      		CODE           	747A	0000	26

delay.c estimated size: 66

C:\Program Files (x86)\Microchip\xc8\v1.33\sources\pic18\d10tcyx.c
		_Delay10TCYx   		CODE           	73F2	0000	16

C:\Program Files (x86)\Microchip\xc8\v1.33\sources\pic18\d10tcyx.c estimated size: 16

my_openuart.c
		_OpenUART_     		CODE           	73BE	0000	10

my_openuart.c estimated size: 10

C:\Program Files (x86)\Microchip\xc8\v1.33\sources\pic18\d100tcyx.c
		_Delay100TCYx  		CODE           	73E2	0000	16

C:\Program Files (x86)\Microchip\xc8\v1.33\sources\pic18\d100tcyx.c estimated size: 16

clocks.c
		_dummy_clocks  		CODE           	75A2	0000	60
		_proceed       		CODE           	73C8	0000	12

clocks.c estimated size: 72

C:\Program Files (x86)\Microchip\xc8\v1.33\sources\pic18\d1ktcyx.c
		_Delay1KTCYx   		CODE           	7402	0000	16

C:\Program Files (x86)\Microchip\xc8\v1.33\sources\pic18\d1ktcyx.c estimated size: 16

C:\Program Files (x86)\Microchip\xc8\v1.33\sources\pic18\plib\SPI\spi_open.c
		_OpenSPI       		CODE           	762C	0000	86

C:\Program Files (x86)\Microchip\xc8\v1.33\sources\pic18\plib\SPI\spi_open.c estimated size: 86

initialization.c
		_reset         		CODE           	76FA	0000	132
		_init          		CODE           	7CEE	0000	480
		_Soft_Hard_Init		CODE           	75DE	0000	78

initialization.c estimated size: 690

transceiver.c
		_response      		CODE           	73D4	0000	14
		_Command       		CODE           	753A	0000	46
		_WriteSPI_     		CODE           	744A	0000	24
		_ReadSPI__     		CODE           	7412	0000	16

transceiver.c estimated size: 100

shared
		__stringdata   		MEDIUMCONST    	7ECF	0000	304
		__initializatio		CODE           	74CC	0000	20

shared estimated size: 324

C:\Program Files (x86)\Microchip\xc8\v1.33\sources\pic18\plib\SPI\spi_writ.c
		_WriteSPI      		CODE           	7462	0000	24

C:\Program Files (x86)\Microchip\xc8\v1.33\sources\pic18\plib\SPI\spi_writ.c estimated size: 24

main.c
		_File_IO       		CODE           	7682	0000	120
		_main          		CODE           	74AE	0000	30

main.c estimated size: 150

my_sw_uart.c
		_putsUART_     		CODE           	7512	0000	40
		_DelayRXHalfBit		CODE           	7422	0000	18
		_WriteUART_    		CODE           	7568	0000	58
		_ReadUART_     		CODE           	777E	0000	168
		_DelayTXBitUART		CODE           	7494	0000	26
		_DelayRXBitUART		CODE           	7434	0000	22

my_sw_uart.c estimated size: 332

